Component: ARM Compiler 5.06 update 5 (build 528) Tool: armlink [4d35e2]

==============================================================================

Section Cross References

    usbd_ioreq.o(i.USBD_CtlContinueRx) refers to usbd_conf.o(i.USBD_LL_PrepareReceive) for USBD_LL_PrepareReceive
    usbd_ioreq.o(i.USBD_CtlContinueSendData) refers to usbd_conf.o(i.USBD_LL_Transmit) for USBD_LL_Transmit
    usbd_ioreq.o(i.USBD_CtlPrepareRx) refers to usbd_conf.o(i.USBD_LL_PrepareReceive) for USBD_LL_PrepareReceive
    usbd_ioreq.o(i.USBD_CtlReceiveStatus) refers to usbd_conf.o(i.USBD_LL_PrepareReceive) for USBD_LL_PrepareReceive
    usbd_ioreq.o(i.USBD_CtlSendData) refers to usbd_conf.o(i.USBD_LL_Transmit) for USBD_LL_Transmit
    usbd_ioreq.o(i.USBD_CtlSendStatus) refers to usbd_conf.o(i.USBD_LL_Transmit) for USBD_LL_Transmit
    usbd_ioreq.o(i.USBD_GetRxCount) refers to usbd_conf.o(i.USBD_LL_GetRxDataSize) for USBD_LL_GetRxDataSize
    usbd_core.o(i.USBD_DeInit) refers to usbd_conf.o(i.USBD_LL_Stop) for USBD_LL_Stop
    usbd_core.o(i.USBD_DeInit) refers to usbd_conf.o(i.USBD_LL_DeInit) for USBD_LL_DeInit
    usbd_core.o(i.USBD_Init) refers to usbd_conf.o(i.USBD_LL_Init) for USBD_LL_Init
    usbd_core.o(i.USBD_LL_DataInStage) refers to usbd_ioreq.o(i.USBD_CtlContinueSendData) for USBD_CtlContinueSendData
    usbd_core.o(i.USBD_LL_DataInStage) refers to usbd_conf.o(i.USBD_LL_PrepareReceive) for USBD_LL_PrepareReceive
    usbd_core.o(i.USBD_LL_DataInStage) refers to usbd_ioreq.o(i.USBD_CtlReceiveStatus) for USBD_CtlReceiveStatus
    usbd_core.o(i.USBD_LL_DataOutStage) refers to usbd_ioreq.o(i.USBD_CtlContinueRx) for USBD_CtlContinueRx
    usbd_core.o(i.USBD_LL_DataOutStage) refers to usbd_ioreq.o(i.USBD_CtlSendStatus) for USBD_CtlSendStatus
    usbd_core.o(i.USBD_LL_Reset) refers to usbd_conf.o(i.USBD_LL_OpenEP) for USBD_LL_OpenEP
    usbd_core.o(i.USBD_LL_SetupStage) refers to usbd_ctlreq.o(i.USBD_ParseSetupRequest) for USBD_ParseSetupRequest
    usbd_core.o(i.USBD_LL_SetupStage) refers to usbd_conf.o(i.USBD_LL_StallEP) for USBD_LL_StallEP
    usbd_core.o(i.USBD_LL_SetupStage) refers to usbd_ctlreq.o(i.USBD_StdDevReq) for USBD_StdDevReq
    usbd_core.o(i.USBD_LL_SetupStage) refers to usbd_ctlreq.o(i.USBD_StdItfReq) for USBD_StdItfReq
    usbd_core.o(i.USBD_LL_SetupStage) refers to usbd_ctlreq.o(i.USBD_StdEPReq) for USBD_StdEPReq
    usbd_core.o(i.USBD_Start) refers to usbd_conf.o(i.USBD_LL_Start) for USBD_LL_Start
    usbd_core.o(i.USBD_Stop) refers to usbd_conf.o(i.USBD_LL_Stop) for USBD_LL_Stop
    usbd_ctlreq.o(i.USBD_CtlError) refers to usbd_conf.o(i.USBD_LL_StallEP) for USBD_LL_StallEP
    usbd_ctlreq.o(i.USBD_GetDescriptor) refers to usbd_ctlreq.o(i.USBD_CtlError) for USBD_CtlError
    usbd_ctlreq.o(i.USBD_GetDescriptor) refers to usbd_ioreq.o(i.USBD_CtlSendData) for USBD_CtlSendData
    usbd_ctlreq.o(i.USBD_SetConfig) refers to usbd_core.o(i.USBD_ClrClassConfig) for USBD_ClrClassConfig
    usbd_ctlreq.o(i.USBD_SetConfig) refers to usbd_core.o(i.USBD_SetClassConfig) for USBD_SetClassConfig
    usbd_ctlreq.o(i.USBD_SetConfig) refers to usbd_ioreq.o(i.USBD_CtlSendStatus) for USBD_CtlSendStatus
    usbd_ctlreq.o(i.USBD_SetConfig) refers to usbd_ctlreq.o(i.USBD_CtlError) for USBD_CtlError
    usbd_ctlreq.o(i.USBD_SetConfig) refers to usbd_ctlreq.o(.data) for .data
    usbd_ctlreq.o(i.USBD_StdDevReq) refers to usbd_ctlreq.o(i.USBD_GetDescriptor) for USBD_GetDescriptor
    usbd_ctlreq.o(i.USBD_StdDevReq) refers to usbd_conf.o(i.USBD_LL_SetUSBAddress) for USBD_LL_SetUSBAddress
    usbd_ctlreq.o(i.USBD_StdDevReq) refers to usbd_ioreq.o(i.USBD_CtlSendStatus) for USBD_CtlSendStatus
    usbd_ctlreq.o(i.USBD_StdDevReq) refers to usbd_ctlreq.o(i.USBD_SetConfig) for USBD_SetConfig
    usbd_ctlreq.o(i.USBD_StdDevReq) refers to usbd_ctlreq.o(i.USBD_CtlError) for USBD_CtlError
    usbd_ctlreq.o(i.USBD_StdDevReq) refers to usbd_ioreq.o(i.USBD_CtlSendData) for USBD_CtlSendData
    usbd_ctlreq.o(i.USBD_StdEPReq) refers to usbd_conf.o(i.USBD_LL_StallEP) for USBD_LL_StallEP
    usbd_ctlreq.o(i.USBD_StdEPReq) refers to usbd_conf.o(i.USBD_LL_ClearStallEP) for USBD_LL_ClearStallEP
    usbd_ctlreq.o(i.USBD_StdEPReq) refers to usbd_ioreq.o(i.USBD_CtlSendStatus) for USBD_CtlSendStatus
    usbd_ctlreq.o(i.USBD_StdEPReq) refers to usbd_ctlreq.o(i.USBD_CtlError) for USBD_CtlError
    usbd_ctlreq.o(i.USBD_StdEPReq) refers to usbd_conf.o(i.USBD_LL_IsStallEP) for USBD_LL_IsStallEP
    usbd_ctlreq.o(i.USBD_StdEPReq) refers to usbd_ioreq.o(i.USBD_CtlSendData) for USBD_CtlSendData
    usbd_ctlreq.o(i.USBD_StdItfReq) refers to usbd_ioreq.o(i.USBD_CtlSendStatus) for USBD_CtlSendStatus
    usbd_ctlreq.o(i.USBD_StdItfReq) refers to usbd_ctlreq.o(i.USBD_CtlError) for USBD_CtlError
    usbd_hid.o(i.USBD_HID_DeInit) refers to usbd_conf.o(i.USBD_LL_CloseEP) for USBD_LL_CloseEP
    usbd_hid.o(i.USBD_HID_DeInit) refers to malloc.o(i.free) for free
    usbd_hid.o(i.USBD_HID_GetCfgDesc) refers to usbd_hid.o(.data) for .data
[...]
    ..\\..\\..\\..\\..\\..\\Middlewares\\ST\\STM32_USB_Device_Library\\Core\\Src\\usbd_core.c 0x00000000   Number         0  usbd_core.o ABSOLUTE
    ..\\..\\..\\..\\..\\..\\Middlewares\\ST\\STM32_USB_Device_Library\\Core\\Src\\usbd_ctlreq.c 0x00000000   Number         0  usbd_ctlreq.o ABSOLUTE
    ..\\..\\..\\..\\..\\..\\Middlewares\\ST\\STM32_USB_Device_Library\\Core\\Src\\usbd_ioreq.c 0x00000000   Number         0  usbd_ioreq.o ABSOLUTE
    ..\\Src\\ITM_SWO.c                       0x00000000   Number         0  itm_swo.o ABSOLUTE
    ..\\Src\\keyboard.c                      0x00000000   Number         0  keyboard.o ABSOLUTE
    ..\\Src\\macros.c                        0x00000000   Number         0  macros.o ABSOLUTE
    ..\\Src\\main.c                          0x00000000   Number         0  main.o ABSOLUTE
    ..\\Src\\stm32f4xx_it.c                  0x00000000   Number         0  stm32f4xx_it.o ABSOLUTE
    ..\\Src\\system_stm32f4xx.c              0x00000000   Number         0  system_stm32f4xx.o ABSOLUTE
    ..\\Src\\usbd_conf.c                     0x00000000   Number         0  usbd_conf.o ABSOLUTE
    ..\\Src\\usbd_desc.c                     0x00000000   Number         0  usbd_desc.o ABSOLUTE
    cdrcmple.s                               0x00000000   Number         0  cdrcmple.o ABSOLUTE
    dc.s                                     0x00000000   Number         0  dc.o ABSOLUTE
    handlers.s                               0x00000000   Number         0  handlers.o ABSOLUTE
    init.s                                   0x00000000   Number         0  init.o ABSOLUTE
    startup_stm32f469xx.s                    0x00000000   Number         0  startup_stm32f469xx.o ABSOLUTE
    RESET                                    0x08000000   Section      436  startup_stm32f469xx.o(RESET)
    .ARM.Collect$$$$00000000                 0x080001b4   Section        0  entry.o(.ARM.Collect$$$$00000000)
    .ARM.Collect$$$$00000001                 0x080001b4   Section        4  entry2.o(.ARM.Collect$$$$00000001)
    .ARM.Collect$$$$00000004                 0x080001b8   Section        4  entry5.o(.ARM.Collect$$$$00000004)
    .ARM.Collect$$$$00000008                 0x080001bc   Section        0  entry7b.o(.ARM.Collect$$$$00000008)
    .ARM.Collect$$$$0000000A                 0x080001bc   Section        0  entry8b.o(.ARM.Collect$$$$0000000A)
    .ARM.Collect$$$$0000000B                 0x080001bc   Section        8  entry9a.o(.ARM.Collect$$$$0000000B)
    .ARM.Collect$$$$0000000D                 0x080001c4   Section        0  entry10a.o(.ARM.Collect$$$$0000000D)
    .ARM.Collect$$$$0000000F                 0x080001c4   Section        0  entry11a.o(.ARM.Collect$$$$0000000F)
    .ARM.Collect$$$$00002712                 0x080001c4   Section        4  entry2.o(.ARM.Collect$$$$00002712)
    __lit__00000000                          0x080001c4   Data           4  entry2.o(.ARM.Collect$$$$00002712)
    .text                                    0x080001c8   Section       36  startup_stm32f469xx.o(.text)
    $v0                                      0x080001c8   Number         0  startup_stm32f469xx.o(.text)
    .text                                    0x080001ec   Section        0  memcpya.o(.text)
    .text                                    0x08000210   Section        0  uldiv.o(.text)
    .text                                    0x08000274   Section       36  init.o(.text)
    .text                                    0x08000298   Section        0  llshl.o(.text)
    .text                                    0x080002b6   Section        0  llushr.o(.text)
    .text                                    0x080002d6   Section        0  __dczerorl2.o(.text)
    i.BSP_LED_Init                           0x0800032c   Section        0  stm32469i_discovery.o(i.BSP_LED_Init)
    i.BSP_LED_Off                            0x080003b4   Section        0  stm32469i_discovery.o(i.BSP_LED_Off)
    i.BSP_LED_On                             0x080003d4   Section        0  stm32469i_discovery.o(i.BSP_LED_On)
    i.BSP_LED_Toggle                         0x080003f4   Section        0  stm32469i_discovery.o(i.BSP_LED_Toggle)
    i.BSP_PB_Init                            0x08000414   Section        0  stm32469i_discovery.o(i.BSP_PB_Init)
    i.BusFault_Handler                       0x08000498   Section        0  stm32f4xx_it.o(i.BusFault_Handler)
    i.CopyReportToBuffer                     0x0800049a   Section        0  keyboard.o(i.CopyReportToBuffer)
    i.DebugMon_Handler                       0x080004bc   Section        0  stm32f4xx_it.o(i.DebugMon_Handler)
    i.EXTI0_IRQHandler                       0x080004be   Section        0  stm32f4xx_it.o(i.EXTI0_IRQHandler)
    i.Get_ChipID                             0x080004c4   Section        0  main.o(i.Get_ChipID)
    i.HAL_Delay                              0x080004ec   Section        0  main.o(i.HAL_Delay)
    i.HAL_GPIO_EXTI_Callback                 0x08000508   Section        0  usbd_conf.o(i.HAL_GPIO_EXTI_Callback)
    i.HAL_GPIO_EXTI_IRQHandler               0x08000574   Section        0  stm32f4xx_hal_gpio.o(i.HAL_GPIO_EXTI_IRQHandler)
    i.HAL_GPIO_Init                          0x0800058c   Section        0  stm32f4xx_hal_gpio.o(i.HAL_GPIO_Init)
    i.HAL_GPIO_ReadPin                       0x08000758   Section        0  stm32f4xx_hal_gpio.o(i.HAL_GPIO_ReadPin)
    i.HAL_GPIO_TogglePin                     0x08000762   Section        0  stm32f4xx_hal_gpio.o(i.HAL_GPIO_TogglePin)
    i.HAL_GPIO_WritePin                      0x0800076a   Section        0  stm32f4xx_hal_gpio.o(i.HAL_GPIO_WritePin)
    i.HAL_GetTick                            0x08000774   Section        0  stm32f4xx_hal.o(i.HAL_GetTick)
    i.HAL_IncTick                            0x08000780   Section        0  stm32f4xx_hal.o(i.HAL_IncTick)
    i.HAL_Init                               0x08000790   Section        0  stm32f4xx_hal.o(i.HAL_Init)
    i.HAL_InitTick                           0x080007c4   Section        0  stm32f4xx_hal.o(i.HAL_InitTick)
    i.HAL_MspInit                            0x080007e6   Section        0  stm32f4xx_hal.o(i.HAL_MspInit)
    i.HAL_NVIC_EnableIRQ                     0x080007e8   Section        0  stm32f4xx_hal_cortex.o(i.HAL_NVIC_EnableIRQ)
    i.HAL_NVIC_SetPriority                   0x08000804   Section        0  stm32f4xx_hal_cortex.o(i.HAL_NVIC_SetPriority)
    i.HAL_NVIC_SetPriorityGrouping           0x08000844   Section        0  stm32f4xx_hal_cortex.o(i.HAL_NVIC_SetPriorityGrouping)
    i.HAL_PCDEx_ActivateLPM                  0x08000868   Section        0  stm32f4xx_hal_pcd_ex.o(i.HAL_PCDEx_ActivateLPM)
    i.HAL_PCDEx_LPM_Callback                 0x08000890   Section        0  stm32f4xx_hal_pcd_ex.o(i.HAL_PCDEx_LPM_Callback)
    i.HAL_PCDEx_SetRxFiFo                    0x08000892   Section        0  stm32f4xx_hal_pcd_ex.o(i.HAL_PCDEx_SetRxFiFo)
    i.HAL_PCDEx_SetTxFiFo                    0x0800089a   Section        0  stm32f4xx_hal_pcd_ex.o(i.HAL_PCDEx_SetTxFiFo)
    i.HAL_PCD_ActivateRemoteWakeup           0x080008de   Section        0  stm32f4xx_hal_pcd.o(i.HAL_PCD_ActivateRemoteWakeup)
    i.HAL_PCD_ConnectCallback                0x080008f8   Section        0  usbd_conf.o(i.HAL_PCD_ConnectCallback)
    i.HAL_PCD_DataInStageCallback            0x08000900   Section        0  usbd_conf.o(i.HAL_PCD_DataInStageCallback)
    i.HAL_PCD_DataOutStageCallback           0x08000912   Section        0  usbd_conf.o(i.HAL_PCD_DataOutStageCallback)
    i.HAL_PCD_DeActivateRemoteWakeup         0x08000926   Section        0  stm32f4xx_hal_pcd.o(i.HAL_PCD_DeActivateRemoteWakeup)
    i.HAL_PCD_DisconnectCallback             0x08000938   Section        0  usbd_conf.o(i.HAL_PCD_DisconnectCallback)
    i.HAL_PCD_EP_Close                       0x08000940   Section        0  stm32f4xx_hal_pcd.o(i.HAL_PCD_EP_Close)
    i.HAL_PCD_EP_ClrStall                    0x08000984   Section        0  stm32f4xx_hal_pcd.o(i.HAL_PCD_EP_ClrStall)
    i.HAL_PCD_EP_Open                        0x080009d4   Section        0  stm32f4xx_hal_pcd.o(i.HAL_PCD_EP_Open)
    i.HAL_PCD_EP_Receive                     0x08000a28   Section        0  stm32f4xx_hal_pcd.o(i.HAL_PCD_EP_Receive)
    i.HAL_PCD_EP_SetStall                    0x08000a86   Section        0  stm32f4xx_hal_pcd.o(i.HAL_PCD_EP_SetStall)
    i.HAL_PCD_EP_Transmit                    0x08000ae6   Section        0  stm32f4xx_hal_pcd.o(i.HAL_PCD_EP_Transmit)
    i.HAL_PCD_IRQHandler                     0x08000b3c   Section        0  stm32f4xx_hal_pcd.o(i.HAL_PCD_IRQHandler)
    i.HAL_PCD_ISOINIncompleteCallback        0x08000f8a   Section        0  usbd_conf.o(i.HAL_PCD_ISOINIncompleteCallback)
    i.HAL_PCD_ISOOUTIncompleteCallback       0x08000f92   Section        0  usbd_conf.o(i.HAL_PCD_ISOOUTIncompleteCallback)
    i.HAL_PCD_Init                           0x08000f9c   Section        0  stm32f4xx_hal_pcd.o(i.HAL_PCD_Init)
    i.HAL_PCD_MspInit                        0x08001068   Section        0  usbd_conf.o(i.HAL_PCD_MspInit)
    i.HAL_PCD_ResetCallback                  0x08001144   Section        0  usbd_conf.o(i.HAL_PCD_ResetCallback)
    i.HAL_PCD_ResumeCallback                 0x08001166   Section        0  usbd_conf.o(i.HAL_PCD_ResumeCallback)
    i.HAL_PCD_SOFCallback                    0x0800116e   Section        0  usbd_conf.o(i.HAL_PCD_SOFCallback)
    i.HAL_PCD_SetAddress                     0x08001176   Section        0  stm32f4xx_hal_pcd.o(i.HAL_PCD_SetAddress)
    i.HAL_PCD_SetupStageCallback             0x0800119a   Section        0  usbd_conf.o(i.HAL_PCD_SetupStageCallback)
    i.HAL_PCD_Start                          0x080011a8   Section        0  stm32f4xx_hal_pcd.o(i.HAL_PCD_Start)
    i.HAL_PCD_SuspendCallback                0x080011d4   Section        0  usbd_conf.o(i.HAL_PCD_SuspendCallback)
    i.HAL_PWREx_EnableOverDrive              0x08001204   Section        0  stm32f4xx_hal_pwr_ex.o(i.HAL_PWREx_EnableOverDrive)
    i.HAL_RCCEx_PeriphCLKConfig              0x08001290   Section        0  stm32f4xx_hal_rcc_ex.o(i.HAL_RCCEx_PeriphCLKConfig)
    i.HAL_RCC_ClockConfig                    0x0800166c   Section        0  stm32f4xx_hal_rcc.o(i.HAL_RCC_ClockConfig)
    i.HAL_RCC_GetHCLKFreq                    0x08001878   Section        0  stm32f4xx_hal_rcc.o(i.HAL_RCC_GetHCLKFreq)
    i.HAL_RCC_GetSysClockFreq                0x080018ac   Section        0  stm32f4xx_hal_rcc.o(i.HAL_RCC_GetSysClockFreq)
    i.HAL_RCC_OscConfig                      0x0800191c   Section        0  stm32f4xx_hal_rcc_ex.o(i.HAL_RCC_OscConfig)
    i.HAL_SYSTICK_Config                     0x08001c68   Section        0  stm32f4xx_hal_cortex.o(i.HAL_SYSTICK_Config)
    i.HandleStandardKeys                     0x08001c90   Section        0  keyboard.o(i.HandleStandardKeys)
    i.HardFault_Handler                      0x08001ce4   Section        0  stm32f4xx_it.o(i.HardFault_Handler)
    i.IntToUnicode                           0x08001ce8   Section        0  usbd_desc.o(i.IntToUnicode)
    IntToUnicode                             0x08001ce9   Thumb Code    56  usbd_desc.o(i.IntToUnicode)
    i.MemManage_Handler                      0x08001d20   Section        0  stm32f4xx_it.o(i.MemManage_Handler)
    i.NMI_Handler                            0x08001d22   Section        0  stm32f4xx_it.o(i.NMI_Handler)
    i.OTG_FS_IRQHandler                      0x08001d24   Section        0  stm32f4xx_it.o(i.OTG_FS_IRQHandler)
    i.OTG_FS_WKUP_IRQHandler                 0x08001d30   Section        0  stm32f4xx_it.o(i.OTG_FS_WKUP_IRQHandler)
    i.PCD_WriteEmptyTxFifo                   0x08001d6c   Section        0  stm32f4xx_hal_pcd.o(i.PCD_WriteEmptyTxFifo)
    PCD_WriteEmptyTxFifo                     0x08001d6d   Thumb Code   150  stm32f4xx_hal_pcd.o(i.PCD_WriteEmptyTxFifo)
    i.PendSV_Handler                         0x08001e02   Section        0  stm32f4xx_it.o(i.PendSV_Handler)
    i.SVC_Handler                            0x08001e04   Section        0  stm32f4xx_it.o(i.SVC_Handler)
    i.ScanKeys                               0x08001e08   Section        0  keyboard.o(i.ScanKeys)
    i.SendNullReport                         0x08001e94   Section        0  keyboard.o(i.SendNullReport)
    i.SendReport                             0x08001ea4   Section        0  keyboard.o(i.SendReport)
    i.SetupKeyboard                          0x08001ec8   Section        0  keyboard.o(i.SetupKeyboard)
    i.SysTick_Handler                        0x08001f28   Section        0  stm32f4xx_it.o(i.SysTick_Handler)
    i.SystemClockConfig_STOP                 0x08001f2c   Section        0  usbd_conf.o(i.SystemClockConfig_STOP)
    SystemClockConfig_STOP                   0x08001f2d   Thumb Code   138  usbd_conf.o(i.SystemClockConfig_STOP)
    i.SystemClock_Config                     0x08001fc0   Section        0  main.o(i.SystemClock_Config)
    i.SystemInit                             0x08002054   Section        0  system_stm32f4xx.o(i.SystemInit)
    i.USBD_ClrClassConfig                    0x080020a8   Section        0  usbd_core.o(i.USBD_ClrClassConfig)
    i.USBD_CtlContinueRx                     0x080020b6   Section        0  usbd_ioreq.o(i.USBD_CtlContinueRx)
    i.USBD_CtlContinueSendData               0x080020c6   Section        0  usbd_ioreq.o(i.USBD_CtlContinueSendData)
    i.USBD_CtlError                          0x080020d6   Section        0  usbd_ctlreq.o(i.USBD_CtlError)
    i.USBD_CtlReceiveStatus                  0x080020ec   Section        0  usbd_ioreq.o(i.USBD_CtlReceiveStatus)
    i.USBD_CtlSendData                       0x08002102   Section        0  usbd_ioreq.o(i.USBD_CtlSendData)
    i.USBD_CtlSendStatus                     0x0800211c   Section        0  usbd_ioreq.o(i.USBD_CtlSendStatus)
    i.USBD_GetDescriptor                     0x08002132   Section        0  usbd_ctlreq.o(i.USBD_GetDescriptor)
    USBD_GetDescriptor                       0x08002133   Thumb Code   224  usbd_ctlreq.o(i.USBD_GetDescriptor)
    i.USBD_GetString                         0x08002212   Section        0  usbd_ctlreq.o(i.USBD_GetString)
    i.USBD_HID_ConfigStrDescriptor           0x08002258   Section        0  usbd_desc.o(i.USBD_HID_ConfigStrDescriptor)
    i.USBD_HID_DataIn                        0x08002278   Section        0  usbd_hid.o(i.USBD_HID_DataIn)
    USBD_HID_DataIn                          0x08002279   Thumb Code    12  usbd_hid.o(i.USBD_HID_DataIn)
    i.USBD_HID_DeInit                        0x08002284   Section        0  usbd_hid.o(i.USBD_HID_DeInit)
    USBD_HID_DeInit                          0x08002285   Thumb Code    30  usbd_hid.o(i.USBD_HID_DeInit)
    i.USBD_HID_DeviceDescriptor              0x080022a4   Section        0  usbd_desc.o(i.USBD_HID_DeviceDescriptor)
    i.USBD_HID_GetCfgDesc                    0x080022b0   Section        0  usbd_hid.o(i.USBD_HID_GetCfgDesc)
    USBD_HID_GetCfgDesc                      0x080022b1   Thumb Code     8  usbd_hid.o(i.USBD_HID_GetCfgDesc)
    i.USBD_HID_GetDeviceQualifierDesc        0x080022bc   Section        0  usbd_hid.o(i.USBD_HID_GetDeviceQualifierDesc)
    USBD_HID_GetDeviceQualifierDesc          0x080022bd   Thumb Code     8  usbd_hid.o(i.USBD_HID_GetDeviceQualifierDesc)
    i.USBD_HID_Init                          0x080022c8   Section        0  usbd_hid.o(i.USBD_HID_Init)
    USBD_HID_Init                            0x080022c9   Thumb Code    40  usbd_hid.o(i.USBD_HID_Init)
    i.USBD_HID_InterfaceStrDescriptor        0x080022f0   Section        0  usbd_desc.o(i.USBD_HID_InterfaceStrDescriptor)
    i.USBD_HID_LangIDStrDescriptor           0x08002314   Section        0  usbd_desc.o(i.USBD_HID_LangIDStrDescriptor)
    i.USBD_HID_ManufacturerStrDescriptor     0x08002320   Section        0  usbd_desc.o(i.USBD_HID_ManufacturerStrDescriptor)
    i.USBD_HID_ProductStrDescriptor          0x08002348   Section        0  usbd_desc.o(i.USBD_HID_ProductStrDescriptor)
    i.USBD_HID_SendReport                    0x08002394   Section        0  usbd_hid.o(i.USBD_HID_SendReport)
    i.USBD_HID_SerialStrDescriptor           0x080023b8   Section        0  usbd_desc.o(i.USBD_HID_SerialStrDescriptor)
    i.USBD_HID_Setup                         0x080023f0   Section        0  usbd_hid.o(i.USBD_HID_Setup)
    USBD_HID_Setup                           0x080023f1   Thumb Code   156  usbd_hid.o(i.USBD_HID_Setup)
    i.USBD_Init                              0x08002490   Section        0  usbd_core.o(i.USBD_Init)
    i.USBD_LL_ClearStallEP                   0x080024ba   Section        0  usbd_conf.o(i.USBD_LL_ClearStallEP)
    i.USBD_LL_CloseEP                        0x080024c8   Section        0  usbd_conf.o(i.USBD_LL_CloseEP)
    i.USBD_LL_DataInStage                    0x080024d6   Section        0  usbd_core.o(i.USBD_LL_DataInStage)
    i.USBD_LL_DataOutStage                   0x08002580   Section        0  usbd_core.o(i.USBD_LL_DataOutStage)
    i.USBD_LL_DevConnected                   0x080025ea   Section        0  usbd_core.o(i.USBD_LL_DevConnected)
    i.USBD_LL_DevDisconnected                0x080025ee   Section        0  usbd_core.o(i.USBD_LL_DevDisconnected)
    i.USBD_LL_Init                           0x08002604   Section        0  usbd_conf.o(i.USBD_LL_Init)
    i.USBD_LL_IsStallEP                      0x08002660   Section        0  usbd_conf.o(i.USBD_LL_IsStallEP)
    i.USBD_LL_IsoINIncomplete                0x08002680   Section        0  usbd_core.o(i.USBD_LL_IsoINIncomplete)
    i.USBD_LL_IsoOUTIncomplete               0x08002684   Section        0  usbd_core.o(i.USBD_LL_IsoOUTIncomplete)
    i.USBD_LL_OpenEP                         0x08002688   Section        0  usbd_conf.o(i.USBD_LL_OpenEP)
    i.USBD_LL_PrepareReceive                 0x0800269c   Section        0  usbd_conf.o(i.USBD_LL_PrepareReceive)
    i.USBD_LL_Reset                          0x080026aa   Section        0  usbd_core.o(i.USBD_LL_Reset)
    i.USBD_LL_Resume                         0x080026e8   Section        0  usbd_core.o(i.USBD_LL_Resume)
    i.USBD_LL_SOF                            0x080026f4   Section        0  usbd_core.o(i.USBD_LL_SOF)
    i.USBD_LL_SetSpeed                       0x0800270c   Section        0  usbd_core.o(i.USBD_LL_SetSpeed)
    i.USBD_LL_SetUSBAddress                  0x08002712   Section        0  usbd_conf.o(i.USBD_LL_SetUSBAddress)
    i.USBD_LL_SetupStage                     0x08002720   Section        0  usbd_core.o(i.USBD_LL_SetupStage)
    i.USBD_LL_StallEP                        0x0800277a   Section        0  usbd_conf.o(i.USBD_LL_StallEP)
    i.USBD_LL_Start                          0x08002788   Section        0  usbd_conf.o(i.USBD_LL_Start)
    i.USBD_LL_Suspend                        0x08002796   Section        0  usbd_core.o(i.USBD_LL_Suspend)
    i.USBD_LL_Transmit                       0x080027a8   Section        0  usbd_conf.o(i.USBD_LL_Transmit)
    i.USBD_ParseSetupRequest                 0x080027b6   Section        0  usbd_ctlreq.o(i.USBD_ParseSetupRequest)
    i.USBD_RegisterClass                     0x080027de   Section        0  usbd_core.o(i.USBD_RegisterClass)
    i.USBD_SetClassConfig                    0x080027ee   Section        0  usbd_core.o(i.USBD_SetClassConfig)
    i.USBD_SetConfig                         0x08002804   Section        0  usbd_ctlreq.o(i.USBD_SetConfig)
    USBD_SetConfig                           0x08002805   Thumb Code   110  usbd_ctlreq.o(i.USBD_SetConfig)
    i.USBD_Start                             0x08002878   Section        0  usbd_core.o(i.USBD_Start)
    i.USBD_StdDevReq                         0x08002882   Section        0  usbd_ctlreq.o(i.USBD_StdDevReq)
    i.USBD_StdEPReq                          0x08002974   Section        0  usbd_ctlreq.o(i.USBD_StdEPReq)
    i.USBD_StdItfReq                         0x08002a50   Section        0  usbd_ctlreq.o(i.USBD_StdItfReq)
    i.USB_ActivateEndpoint                   0x08002a84   Section        0  stm32f4xx_ll_usb.o(i.USB_ActivateEndpoint)
    i.USB_ActivateSetup                      0x08002b04   Section        0  stm32f4xx_ll_usb.o(i.USB_ActivateSetup)
    i.USB_CoreInit                           0x08002b38   Section        0  stm32f4xx_ll_usb.o(i.USB_CoreInit)
    i.USB_CoreReset                          0x08002ba4   Section        0  stm32f4xx_ll_usb.o(i.USB_CoreReset)
    USB_CoreReset                            0x08002ba5   Thumb Code    50  stm32f4xx_ll_usb.o(i.USB_CoreReset)
    i.USB_DeactivateEndpoint                 0x08002bdc   Section        0  stm32f4xx_ll_usb.o(i.USB_DeactivateEndpoint)
    i.USB_DevConnect                         0x08002c4a   Section        0  stm32f4xx_ll_usb.o(i.USB_DevConnect)
    i.USB_DevDisconnect                      0x08002c62   Section        0  stm32f4xx_ll_usb.o(i.USB_DevDisconnect)
    i.USB_DevInit                            0x08002c7c   Section        0  stm32f4xx_ll_usb.o(i.USB_DevInit)
    i.USB_DisableGlobalInt                   0x08002dd0   Section        0  stm32f4xx_ll_usb.o(i.USB_DisableGlobalInt)
    i.USB_EP0StartXfer                       0x08002ddc   Section        0  stm32f4xx_ll_usb.o(i.USB_EP0StartXfer)
    i.USB_EP0_OutStart                       0x08002f1c   Section        0  stm32f4xx_ll_usb.o(i.USB_EP0_OutStart)
    i.USB_EPClearStall                       0x08002f5a   Section        0  stm32f4xx_ll_usb.o(i.USB_EPClearStall)
    i.USB_EPSetStall                         0x08002fbe   Section        0  stm32f4xx_ll_usb.o(i.USB_EPSetStall)
    i.USB_EPStartXfer                        0x0800301c   Section        0  stm32f4xx_ll_usb.o(i.USB_EPStartXfer)
    i.USB_EnableGlobalInt                    0x08003238   Section        0  stm32f4xx_ll_usb.o(i.USB_EnableGlobalInt)
    i.USB_FlushRxFifo                        0x08003244   Section        0  stm32f4xx_ll_usb.o(i.USB_FlushRxFifo)
    i.USB_FlushTxFifo                        0x08003264   Section        0  stm32f4xx_ll_usb.o(i.USB_FlushTxFifo)
    i.USB_GetDevSpeed                        0x08003288   Section        0  stm32f4xx_ll_usb.o(i.USB_GetDevSpeed)
    i.USB_GetMode                            0x080032c4   Section        0  stm32f4xx_ll_usb.o(i.USB_GetMode)
    i.USB_ReadDevAllInEpInterrupt            0x080032cc   Section        0  stm32f4xx_ll_usb.o(i.USB_ReadDevAllInEpInterrupt)
    i.USB_ReadDevAllOutEpInterrupt           0x080032da   Section        0  stm32f4xx_ll_usb.o(i.USB_ReadDevAllOutEpInterrupt)
    i.USB_ReadDevInEPInterrupt               0x080032e8   Section        0  stm32f4xx_ll_usb.o(i.USB_ReadDevInEPInterrupt)
    i.USB_ReadDevOutEPInterrupt              0x08003306   Section        0  stm32f4xx_ll_usb.o(i.USB_ReadDevOutEPInterrupt)
    i.USB_ReadInterrupts                     0x08003316   Section        0  stm32f4xx_ll_usb.o(i.USB_ReadInterrupts)
    i.USB_ReadPacket                         0x0800331e   Section        0  stm32f4xx_ll_usb.o(i.USB_ReadPacket)
    i.USB_SetCurrentMode                     0x0800333e   Section        0  stm32f4xx_ll_usb.o(i.USB_SetCurrentMode)
    i.USB_SetDevAddress                      0x0800336a   Section        0  stm32f4xx_ll_usb.o(i.USB_SetDevAddress)
    i.USB_WritePacket                        0x0800338c   Section        0  stm32f4xx_ll_usb.o(i.USB_WritePacket)
    i.UpdateKeyboard                         0x080033b4   Section        0  keyboard.o(i.UpdateKeyboard)
    i.UsageFault_Handler                     0x080033c2   Section        0  stm32f4xx_it.o(i.UsageFault_Handler)
    i.__0printf$8                            0x080033c4   Section        0  printf8.o(i.__0printf$8)
    i.__NVIC_SetPriority                     0x080033e4   Section        0  stm32f4xx_hal_cortex.o(i.__NVIC_SetPriority)
    __NVIC_SetPriority                       0x080033e5   Thumb Code    32  stm32f4xx_hal_cortex.o(i.__NVIC_SetPriority)
    i.__scatterload_copy                     0x08003404   Section       14  handlers.o(i.__scatterload_copy)
    i.__scatterload_null                     0x08003412   Section        2  handlers.o(i.__scatterload_null)
    i.__scatterload_zeroinit                 0x08003414   Section       14  handlers.o(i.__scatterload_zeroinit)
    i._printf_core                           0x08003424   Section        0  printf8.o(i._printf_core)
    _printf_core                             0x08003425   Thumb Code   996  printf8.o(i._printf_core)
    i._printf_post_padding                   0x08003834   Section        0  printf8.o(i._printf_post_padding)
    _printf_post_padding                     0x08003835   Thumb Code    36  printf8.o(i._printf_post_padding)
    i._printf_pre_padding                    0x08003858   Section        0  printf8.o(i._printf_pre_padding)
    _printf_pre_padding                      0x08003859   Thumb Code    46  printf8.o(i._printf_pre_padding)
    i.fputc                                  0x08003888   Section        0  itm_swo.o(i.fputc)
    i.free                                   0x080038b0   Section        0  malloc.o(i.free)
    i.main                                   0x08003900   Section        0  main.o(i.main)
    i.malloc                                 0x08003a4c   Section        0  malloc.o(i.malloc)
    .constdata                               0x08003ab8   Section        4  stm32469i_discovery.o(.constdata)
    .constdata                               0x08003abc   Section       16  stm32f4xx_hal_rcc.o(.constdata)
    .data                                    0x20000000   Section        1  usbd_ctlreq.o(.data)
    cfgidx                                   0x20000000   Data           1  usbd_ctlreq.o(.data)
    .data                                    0x20000004   Section       56  usbd_hid.o(.data)
    .data                                    0x2000003c   Section      105  usbd_hid.o(.data)
    USBD_HID_CfgDesc                         0x2000003c   Data          34  usbd_hid.o(.data)
    USBD_HID_Desc                            0x20000060   Data           9  usbd_hid.o(.data)
    USBD_HID_DeviceQualifierDesc             0x2000006c   Data          10  usbd_hid.o(.data)
    HID_MOUSE_ReportDesc                     0x20000078   Data          45  usbd_hid.o(.data)
    .data                                    0x200000a8   Section       28  usbd_desc.o(.data)
    .data                                    0x200000c4   Section       48  usbd_desc.o(.data)
    .data                                    0x200000f4   Section      100  keyboard.o(.data)
    .data                                    0x20000158   Section        4  system_stm32f4xx.o(.data)
    .data                                    0x2000015c   Section       36  stm32469i_discovery.o(.data)
    .data                                    0x20000180   Section        4  stm32f4xx_hal.o(.data)
    uwTick                                   0x20000180   Data           4  stm32f4xx_hal.o(.data)
    .data                                    0x20000184   Section        4  stdout.o(.data)
    .data                                    0x20000188   Section        4  mvars.o(.data)
    .data                                    0x2000018c   Section        4  mvars.o(.data)
    .bss                                     0x20000190   Section      256  usbd_desc.o(.bss)
    .bss                                     0x20000290   Section      548  main.o(.bss)
    .bss                                     0x200004b4   Section      964  usbd_conf.o(.bss)
    .bss                                     0x20000878   Section      120  keyboard.o(.bss)
    GPIO_InitStruct                          0x200008dc   Data          20  keyboard.o(.bss)
    HEAP                                     0x200008f0   Section      512  startup_stm32f469xx.o(HEAP)
    STACK                                    0x20000af0   Section     1024  startup_stm32f469xx.o(STACK)

    Global Symbols

    Symbol Name                              Value     Ov Type        Size  Object(Section)

    BuildAttributes$$THM_ISAv4$E$P$D$K$B$S$7EM$VFPi3$EXTD16$VFPS$VFMA$PE$A:L22UL41UL21$X:L11$S22US41US21$IEEE1$IW$USESV6$~STKCKD$USESV7$~SHL$OSPACE$ROPI$EBA8$MICROLIB$REQ8$PRES8$EABIv2 0x00000000   Number         0  anon$$obj.o ABSOLUTE
    __ARM_use_no_argv                        0x00000000   Number         0  main.o ABSOLUTE
    _printf_a                                0x00000000   Number         0  stubs.o ABSOLUTE
    _printf_c                                0x00000000   Number         0  stubs.o ABSOLUTE
    _printf_charcount                        0x00000000   Number         0  stubs.o ABSOLUTE
    _printf_d                                0x00000000   Number         0  stubs.o ABSOLUTE
    _printf_e                                0x00000000   Number         0  stubs.o ABSOLUTE
    _printf_f                                0x00000000   Number         0  stubs.o ABSOLUTE
    _printf_flags                            0x00000000   Number         0  stubs.o ABSOLUTE
    _printf_fp_dec                           0x00000000   Number         0  stubs.o ABSOLUTE
    _printf_fp_hex                           0x00000000   Number         0  stubs.o ABSOLUTE
    _printf_g                                0x00000000   Number         0  stubs.o ABSOLUTE
    _printf_i                                0x00000000   Number         0  stubs.o ABSOLUTE
    _printf_int_dec                          0x00000000   Number         0  stubs.o ABSOLUTE
    _printf_l                                0x00000000   Number         0  stubs.o ABSOLUTE
    _printf_lc                               0x00000000   Number         0  stubs.o ABSOLUTE
    _printf_ll                               0x00000000   Number         0  stubs.o ABSOLUTE
    _printf_lld                              0x00000000   Number         0  stubs.o ABSOLUTE
    _printf_lli                              0x00000000   Number         0  stubs.o ABSOLUTE
    _printf_llo                              0x00000000   Number         0  stubs.o ABSOLUTE
    _printf_llu                              0x00000000   Number         0  stubs.o ABSOLUTE
    _printf_llx                              0x00000000   Number         0  stubs.o ABSOLUTE
    _printf_longlong_dec                     0x00000000   Number         0  stubs.o ABSOLUTE
    _printf_longlong_hex                     0x00000000   Number         0  stubs.o ABSOLUTE
    _printf_longlong_oct                     0x00000000   Number         0  stubs.o ABSOLUTE
    _printf_ls                               0x00000000   Number         0  stubs.o ABSOLUTE
    _printf_mbtowc                           0x00000000   Number         0  stubs.o ABSOLUTE
    _printf_n                                0x00000000   Number         0  stubs.o ABSOLUTE
    _printf_o                                0x00000000   Number         0  stubs.o ABSOLUTE
    _printf_p                                0x00000000   Number         0  stubs.o ABSOLUTE
    _printf_percent                          0x00000000   Number         0  stubs.o ABSOLUTE
    _printf_pre_padding                      0x00000000   Number         0  stubs.o ABSOLUTE
    _printf_return_value                     0x00000000   Number         0  stubs.o ABSOLUTE
    _printf_s                                0x00000000   Number         0  stubs.o ABSOLUTE
    _printf_sizespec                         0x00000000   Number         0  stubs.o ABSOLUTE
    _printf_str                              0x00000000   Number         0  stubs.o ABSOLUTE
    _printf_truncate_signed                  0x00000000   Number         0  stubs.o ABSOLUTE
    _printf_truncate_unsigned                0x00000000   Number         0  stubs.o ABSOLUTE
    _printf_u                                0x00000000   Number         0  stubs.o ABSOLUTE
    _printf_wc                               0x00000000   Number         0  stubs.o ABSOLUTE
    _printf_wctomb                           0x00000000   Number         0  stubs.o ABSOLUTE
    _printf_widthprec                        0x00000000   Number         0  stubs.o ABSOLUTE
    _printf_x                                0x00000000   Number         0  stubs.o ABSOLUTE
    __cpp_initialize__aeabi_                  - Undefined Weak Reference
    __cxa_finalize                            - Undefined Weak Reference
    _clock_init                               - Undefined Weak Reference
    _microlib_exit                            - Undefined Weak Reference
    __Vectors_Size                           0x000001b4   Number         0  startup_stm32f469xx.o ABSOLUTE
    __Vectors                                0x08000000   Data           4  startup_stm32f469xx.o(RESET)
    __Vectors_End                            0x080001b4   Data           0  startup_stm32f469xx.o(RESET)
    __main                                   0x080001b5   Thumb Code     0  entry.o(.ARM.Collect$$$$00000000)
    _main_stk                                0x080001b5   Thumb Code     0  entry2.o(.ARM.Collect$$$$00000001)
    _main_scatterload                        0x080001b9   Thumb Code     0  entry5.o(.ARM.Collect$$$$00000004)
    __main_after_scatterload                 0x080001bd   Thumb Code     0  entry5.o(.ARM.Collect$$$$00000004)
    _main_clock                              0x080001bd   Thumb Code     0  entry7b.o(.ARM.Collect$$$$00000008)
    _main_cpp_init                           0x080001bd   Thumb Code     0  entry8b.o(.ARM.Collect$$$$0000000A)
    _main_init                               0x080001bd   Thumb Code     0  entry9a.o(.ARM.Collect$$$$0000000B)
    __rt_final_cpp                           0x080001c5   Thumb Code     0  entry10a.o(.ARM.Collect$$$$0000000D)
    __rt_final_exit                          0x080001c5   Thumb Code     0  entry11a.o(.ARM.Collect$$$$0000000F)
    Reset_Handler                            0x080001c9   Thumb Code     8  startup_stm32f469xx.o(.text)
    ADC_IRQHandler                           0x080001e3   Thumb Code     0  startup_stm32f469xx.o(.text)
    CAN1_RX0_IRQHandler                      0x080001e3   Thumb Code     0  startup_stm32f469xx.o(.text)
    CAN1_RX1_IRQHandler                      0x080001e3   Thumb Code     0  startup_stm32f469xx.o(.text)
    CAN1_SCE_IRQHandler                      0x080001e3   Thumb Code     0  startup_stm32f469xx.o(.text)
    CAN1_TX_IRQHandler                       0x080001e3   Thumb Code     0  startup_stm32f469xx.o(.text)
    CAN2_RX0_IRQHandler                      0x080001e3   Thumb Code     0  startup_stm32f469xx.o(.text)
    CAN2_RX1_IRQHandler                      0x080001e3   Thumb Code     0  startup_stm32f469xx.o(.text)
    CAN2_SCE_IRQHandler                      0x080001e3   Thumb Code     0  startup_stm32f469xx.o(.text)
    CAN2_TX_IRQHandler                       0x080001e3   Thumb Code     0  startup_stm32f469xx.o(.text)
    DCMI_IRQHandler                          0x080001e3   Thumb Code     0  startup_stm32f469xx.o(.text)
    DMA1_Stream0_IRQHandler                  0x080001e3   Thumb Code     0  startup_stm32f469xx.o(.text)
    DMA1_Stream1_IRQHandler                  0x080001e3   Thumb Code     0  startup_stm32f469xx.o(.text)
    DMA1_Stream2_IRQHandler                  0x080001e3   Thumb Code     0  startup_stm32f469xx.o(.text)
    DMA1_Stream3_IRQHandler                  0x080001e3   Thumb Code     0  startup_stm32f469xx.o(.text)
    DMA1_Stream4_IRQHandler                  0x080001e3   Thumb Code     0  startup_stm32f469xx.o(.text)
    DMA1_Stream5_IRQHandler                  0x080001e3   Thumb Code     0  startup_stm32f469xx.o(.text)
    DMA1_Stream6_IRQHandler                  0x080001e3   Thumb Code     0  startup_stm32f469xx.o(.text)
    DMA1_Stream7_IRQHandler                  0x080001e3   Thumb Code     0  startup_stm32f469xx.o(.text)
    DMA2D_IRQHandler                         0x080001e3   Thumb Code     0  startup_stm32f469xx.o(.text)
    DMA2_Stream0_IRQHandler                  0x080001e3   Thumb Code     0  startup_stm32f469xx.o(.text)
    DMA2_Stream1_IRQHandler                  0x080001e3   Thumb Code     0  startup_stm32f469xx.o(.text)
    DMA2_Stream2_IRQHandler                  0x080001e3   Thumb Code     0  startup_stm32f469xx.o(.text)
    DMA2_Stream3_IRQHandler                  0x080001e3   Thumb Code     0  startup_stm32f469xx.o(.text)
    DMA2_Stream4_IRQHandler                  0x080001e3   Thumb Code     0  startup_stm32f469xx.o(.text)
    DMA2_Stream5_IRQHandler                  0x080001e3   Thumb Code     0  startup_stm32f469xx.o(.text)
    DMA2_Stream6_IRQHandler                  0x080001e3   Thumb Code     0  startup_stm32f469xx.o(.text)
    DMA2_Stream7_IRQHandler                  0x080001e3   Thumb Code     0  startup_stm32f469xx.o(.text)
    DSI_IRQHandler                           0x080001e3   Thumb Code     0  startup_stm32f469xx.o(.text)
    ETH_IRQHandler                           0x080001e3   Thumb Code     0  startup_stm32f469xx.o(.text)
    ETH_WKUP_IRQHandler                      0x080001e3   Thumb Code     0  startup_stm32f469xx.o(.text)
    EXTI15_10_IRQHandler                     0x080001e3   Thumb Code     0  startup_stm32f469xx.o(.text)
    EXTI1_IRQHandler                         0x080001e3   Thumb Code     0  startup_stm32f469xx.o(.text)
    EXTI2_IRQHandler                         0x080001e3   Thumb Code     0  startup_stm32f469xx.o(.text)
    EXTI3_IRQHandler                         0x080001e3   Thumb Code     0  startup_stm32f469xx.o(.text)
    EXTI4_IRQHandler                         0x080001e3   Thumb Code     0  startup_stm32f469xx.o(.text)
    EXTI9_5_IRQHandler                       0x080001e3   Thumb Code     0  startup_stm32f469xx.o(.text)
    FLASH_IRQHandler                         0x080001e3   Thumb Code     0  startup_stm32f469xx.o(.text)
    FMC_IRQHandler                           0x080001e3   Thumb Code     0  startup_stm32f469xx.o(.text)
    FPU_IRQHandler                           0x080001e3   Thumb Code     0  startup_stm32f469xx.o(.text)
    HASH_RNG_IRQHandler                      0x080001e3   Thumb Code     0  startup_stm32f469xx.o(.text)
    I2C1_ER_IRQHandler                       0x080001e3   Thumb Code     0  startup_stm32f469xx.o(.text)
    I2C1_EV_IRQHandler                       0x080001e3   Thumb Code     0  startup_stm32f469xx.o(.text)
    I2C2_ER_IRQHandler                       0x080001e3   Thumb Code     0  startup_stm32f469xx.o(.text)
    I2C2_EV_IRQHandler                       0x080001e3   Thumb Code     0  startup_stm32f469xx.o(.text)
    I2C3_ER_IRQHandler                       0x080001e3   Thumb Code     0  startup_stm32f469xx.o(.text)
    I2C3_EV_IRQHandler                       0x080001e3   Thumb Code     0  startup_stm32f469xx.o(.text)
    LTDC_ER_IRQHandler                       0x080001e3   Thumb Code     0  startup_stm32f469xx.o(.text)
    LTDC_IRQHandler                          0x080001e3   Thumb Code     0  startup_stm32f469xx.o(.text)
    OTG_HS_EP1_IN_IRQHandler                 0x080001e3   Thumb Code     0  startup_stm32f469xx.o(.text)
    OTG_HS_EP1_OUT_IRQHandler                0x080001e3   Thumb Code     0  startup_stm32f469xx.o(.text)
    OTG_HS_IRQHandler                        0x080001e3   Thumb Code     0  startup_stm32f469xx.o(.text)
    OTG_HS_WKUP_IRQHandler                   0x080001e3   Thumb Code     0  startup_stm32f469xx.o(.text)
    PVD_IRQHandler                           0x080001e3   Thumb Code     0  startup_stm32f469xx.o(.text)
    QUADSPI_IRQHandler                       0x080001e3   Thumb Code     0  startup_stm32f469xx.o(.text)
    RCC_IRQHandler                           0x080001e3   Thumb Code     0  startup_stm32f469xx.o(.text)
    RTC_Alarm_IRQHandler                     0x080001e3   Thumb Code     0  startup_stm32f469xx.o(.text)
    RTC_WKUP_IRQHandler                      0x080001e3   Thumb Code     0  startup_stm32f469xx.o(.text)
    SAI1_IRQHandler                          0x080001e3   Thumb Code     0  startup_stm32f469xx.o(.text)
    SDIO_IRQHandler                          0x080001e3   Thumb Code     0  startup_stm32f469xx.o(.text)
    SPI1_IRQHandler                          0x080001e3   Thumb Code     0  startup_stm32f469xx.o(.text)
    SPI2_IRQHandler                          0x080001e3   Thumb Code     0  startup_stm32f469xx.o(.text)
    SPI3_IRQHandler                          0x080001e3   Thumb Code     0  startup_stm32f469xx.o(.text)
    SPI4_IRQHandler                          0x080001e3   Thumb Code     0  startup_stm32f469xx.o(.text)
    SPI5_IRQHandler                          0x080001e3   Thumb Code     0  startup_stm32f469xx.o(.text)
    SPI6_IRQHandler                          0x080001e3   Thumb Code     0  startup_stm32f469xx.o(.text)
    TAMP_STAMP_IRQHandler                    0x080001e3   Thumb Code     0  startup_stm32f469xx.o(.text)
    TIM1_BRK_TIM9_IRQHandler                 0x080001e3   Thumb Code     0  startup_stm32f469xx.o(.text)
    TIM1_CC_IRQHandler                       0x080001e3   Thumb Code     0  startup_stm32f469xx.o(.text)
    TIM1_TRG_COM_TIM11_IRQHandler            0x080001e3   Thumb Code     0  startup_stm32f469xx.o(.text)
    TIM1_UP_TIM10_IRQHandler                 0x080001e3   Thumb Code     0  startup_stm32f469xx.o(.text)
    TIM2_IRQHandler                          0x080001e3   Thumb Code     0  startup_stm32f469xx.o(.text)
    TIM3_IRQHandler                          0x080001e3   Thumb Code     0  startup_stm32f469xx.o(.text)
    TIM4_IRQHandler                          0x080001e3   Thumb Code     0  startup_stm32f469xx.o(.text)
    TIM5_IRQHandler                          0x080001e3   Thumb Code     0  startup_stm32f469xx.o(.text)
    TIM6_DAC_IRQHandler                      0x080001e3   Thumb Code     0  startup_stm32f469xx.o(.text)
    TIM7_IRQHandler                          0x080001e3   Thumb Code     0  startup_stm32f469xx.o(.text)
    TIM8_BRK_TIM12_IRQHandler                0x080001e3   Thumb Code     0  startup_stm32f469xx.o(.text)
    TIM8_CC_IRQHandler                       0x080001e3   Thumb Code     0  startup_stm32f469xx.o(.text)
    TIM8_TRG_COM_TIM14_IRQHandler            0x080001e3   Thumb Code     0  startup_stm32f469xx.o(.text)
    TIM8_UP_TIM13_IRQHandler                 0x080001e3   Thumb Code     0  startup_stm32f469xx.o(.text)
    UART4_IRQHandler                         0x080001e3   Thumb Code     0  startup_stm32f469xx.o(.text)
    UART5_IRQHandler                         0x080001e3   Thumb Code     0  startup_stm32f469xx.o(.text)
    UART7_IRQHandler                         0x080001e3   Thumb Code     0  startup_stm32f469xx.o(.text)
    UART8_IRQHandler                         0x080001e3   Thumb Code     0  startup_stm32f469xx.o(.text)
    USART1_IRQHandler                        0x080001e3   Thumb Code     0  startup_stm32f469xx.o(.text)
    USART2_IRQHandler                        0x080001e3   Thumb Code     0  startup_stm32f469xx.o(.text)
    USART3_IRQHandler                        0x080001e3   Thumb Code     0  startup_stm32f469xx.o(.text)
    USART6_IRQHandler                        0x080001e3   Thumb Code     0  startup_stm32f469xx.o(.text)
    WWDG_IRQHandler                          0x080001e3   Thumb Code     0  startup_stm32f469xx.o(.text)
    __aeabi_memcpy                           0x080001ed   Thumb Code    36  memcpya.o(.text)
    __aeabi_memcpy4                          0x080001ed   Thumb Code     0  memcpya.o(.text)
    __aeabi_memcpy8                          0x080001ed   Thumb Code     0  memcpya.o(.text)
    __aeabi_uldivmod                         0x08000211   Thumb Code    98  uldiv.o(.text)
    __scatterload                            0x08000275   Thumb Code    28  init.o(.text)
    __scatterload_rt2                        0x08000275   Thumb Code     0  init.o(.text)
    __aeabi_llsl                             0x08000299   Thumb Code    30  llshl.o(.text)
    _ll_shift_l                              0x08000299   Thumb Code     0  llshl.o(.text)
    __aeabi_llsr                             0x080002b7   Thumb Code    32  llushr.o(.text)
    _ll_ushift_r                             0x080002b7   Thumb Code     0  llushr.o(.text)
    __decompress                             0x080002d7   Thumb Code     0  __dczerorl2.o(.text)
    __decompress1                            0x080002d7   Thumb Code    86  __dczerorl2.o(.text)
    BSP_LED_Init                             0x0800032d   Thumb Code   128  stm32469i_discovery.o(i.BSP_LED_Init)
    BSP_LED_Off                              0x080003b5   Thumb Code    28  stm32469i_discovery.o(i.BSP_LED_Off)
    BSP_LED_On                               0x080003d5   Thumb Code    28  stm32469i_discovery.o(i.BSP_LED_On)
    BSP_LED_Toggle                           0x080003f5   Thumb Code    26  stm32469i_discovery.o(i.BSP_LED_Toggle)
    BSP_PB_Init                              0x08000415   Thumb Code   116  stm32469i_discovery.o(i.BSP_PB_Init)
    BusFault_Handler                         0x08000499   Thumb Code     2  stm32f4xx_it.o(i.BusFault_Handler)
    CopyReportToBuffer                       0x0800049b   Thumb Code    34  keyboard.o(i.CopyReportToBuffer)
    DebugMon_Handler                         0x080004bd   Thumb Code     2  stm32f4xx_it.o(i.DebugMon_Handler)
    EXTI0_IRQHandler                         0x080004bf   Thumb Code     6  stm32f4xx_it.o(i.EXTI0_IRQHandler)
    Get_ChipID                               0x080004c5   Thumb Code    34  main.o(i.Get_ChipID)
    HAL_Delay                                0x080004ed   Thumb Code    28  main.o(i.HAL_Delay)
    HAL_GPIO_EXTI_Callback                   0x08000509   Thumb Code   100  usbd_conf.o(i.HAL_GPIO_EXTI_Callback)
    HAL_GPIO_EXTI_IRQHandler                 0x08000575   Thumb Code    18  stm32f4xx_hal_gpio.o(i.HAL_GPIO_EXTI_IRQHandler)
    HAL_GPIO_Init                            0x0800058d   Thumb Code   408  stm32f4xx_hal_gpio.o(i.HAL_GPIO_Init)
    HAL_GPIO_ReadPin                         0x08000759   Thumb Code    10  stm32f4xx_hal_gpio.o(i.HAL_GPIO_ReadPin)
    HAL_GPIO_TogglePin                       0x08000763   Thumb Code     8  stm32f4xx_hal_gpio.o(i.HAL_GPIO_TogglePin)
    HAL_GPIO_WritePin                        0x0800076b   Thumb Code    10  stm32f4xx_hal_gpio.o(i.HAL_GPIO_WritePin)
    HAL_GetTick                              0x08000775   Thumb Code     6  stm32f4xx_hal.o(i.HAL_GetTick)
    HAL_IncTick                              0x08000781   Thumb Code    10  stm32f4xx_hal.o(i.HAL_IncTick)
    HAL_Init                                 0x08000791   Thumb Code    48  stm32f4xx_hal.o(i.HAL_Init)
    HAL_InitTick                             0x080007c5   Thumb Code    34  stm32f4xx_hal.o(i.HAL_InitTick)
    HAL_MspInit                              0x080007e7   Thumb Code     2  stm32f4xx_hal.o(i.HAL_MspInit)
    HAL_NVIC_EnableIRQ                       0x080007e9   Thumb Code    26  stm32f4xx_hal_cortex.o(i.HAL_NVIC_EnableIRQ)
    HAL_NVIC_SetPriority                     0x08000805   Thumb Code    60  stm32f4xx_hal_cortex.o(i.HAL_NVIC_SetPriority)
    HAL_NVIC_SetPriorityGrouping             0x08000845   Thumb Code    26  stm32f4xx_hal_cortex.o(i.HAL_NVIC_SetPriorityGrouping)
    HAL_PCDEx_ActivateLPM                    0x08000869   Thumb Code    34  stm32f4xx_hal_pcd_ex.o(i.HAL_PCDEx_ActivateLPM)
    HAL_PCDEx_LPM_Callback                   0x08000891   Thumb Code     2  stm32f4xx_hal_pcd_ex.o(i.HAL_PCDEx_LPM_Callback)
    HAL_PCDEx_SetRxFiFo                      0x08000893   Thumb Code     8  stm32f4xx_hal_pcd_ex.o(i.HAL_PCDEx_SetRxFiFo)
    HAL_PCDEx_SetTxFiFo                      0x0800089b   Thumb Code    68  stm32f4xx_hal_pcd_ex.o(i.HAL_PCDEx_SetTxFiFo)
    HAL_PCD_ActivateRemoteWakeup             0x080008df   Thumb Code    26  stm32f4xx_hal_pcd.o(i.HAL_PCD_ActivateRemoteWakeup)
    HAL_PCD_ConnectCallback                  0x080008f9   Thumb Code     8  usbd_conf.o(i.HAL_PCD_ConnectCallback)
    HAL_PCD_DataInStageCallback              0x08000901   Thumb Code    18  usbd_conf.o(i.HAL_PCD_DataInStageCallback)
    HAL_PCD_DataOutStageCallback             0x08000913   Thumb Code    20  usbd_conf.o(i.HAL_PCD_DataOutStageCallback)
    HAL_PCD_DeActivateRemoteWakeup           0x08000927   Thumb Code    18  stm32f4xx_hal_pcd.o(i.HAL_PCD_DeActivateRemoteWakeup)
    HAL_PCD_DisconnectCallback               0x08000939   Thumb Code     8  usbd_conf.o(i.HAL_PCD_DisconnectCallback)
    HAL_PCD_EP_Close                         0x08000941   Thumb Code    68  stm32f4xx_hal_pcd.o(i.HAL_PCD_EP_Close)
    HAL_PCD_EP_ClrStall                      0x08000985   Thumb Code    80  stm32f4xx_hal_pcd.o(i.HAL_PCD_EP_ClrStall)
    HAL_PCD_EP_Open                          0x080009d5   Thumb Code    84  stm32f4xx_hal_pcd.o(i.HAL_PCD_EP_Open)
    HAL_PCD_EP_Receive                       0x08000a29   Thumb Code    94  stm32f4xx_hal_pcd.o(i.HAL_PCD_EP_Receive)
    HAL_PCD_EP_SetStall                      0x08000a87   Thumb Code    96  stm32f4xx_hal_pcd.o(i.HAL_PCD_EP_SetStall)
    HAL_PCD_EP_Transmit                      0x08000ae7   Thumb Code    86  stm32f4xx_hal_pcd.o(i.HAL_PCD_EP_Transmit)
    HAL_PCD_IRQHandler                       0x08000b3d   Thumb Code  1102  stm32f4xx_hal_pcd.o(i.HAL_PCD_IRQHandler)
    HAL_PCD_ISOINIncompleteCallback          0x08000f8b   Thumb Code     8  usbd_conf.o(i.HAL_PCD_ISOINIncompleteCallback)
    HAL_PCD_ISOOUTIncompleteCallback         0x08000f93   Thumb Code     8  usbd_conf.o(i.HAL_PCD_ISOOUTIncompleteCallback)
    HAL_PCD_Init                             0x08000f9d   Thumb Code   204  stm32f4xx_hal_pcd.o(i.HAL_PCD_Init)
    HAL_PCD_MspInit                          0x08001069   Thumb Code   208  usbd_conf.o(i.HAL_PCD_MspInit)
    HAL_PCD_ResetCallback                    0x08001145   Thumb Code    34  usbd_conf.o(i.HAL_PCD_ResetCallback)
    HAL_PCD_ResumeCallback                   0x08001167   Thumb Code     8  usbd_conf.o(i.HAL_PCD_ResumeCallback)
    HAL_PCD_SOFCallback                      0x0800116f   Thumb Code     8  usbd_conf.o(i.HAL_PCD_SOFCallback)
    HAL_PCD_SetAddress                       0x08001177   Thumb Code    36  stm32f4xx_hal_pcd.o(i.HAL_PCD_SetAddress)
    HAL_PCD_SetupStageCallback               0x0800119b   Thumb Code    14  usbd_conf.o(i.HAL_PCD_SetupStageCallback)
    HAL_PCD_Start                            0x080011a9   Thumb Code    42  stm32f4xx_hal_pcd.o(i.HAL_PCD_Start)
    HAL_PCD_SuspendCallback                  0x080011d5   Thumb Code    44  usbd_conf.o(i.HAL_PCD_SuspendCallback)
    HAL_PWREx_EnableOverDrive                0x08001205   Thumb Code   126  stm32f4xx_hal_pwr_ex.o(i.HAL_PWREx_EnableOverDrive)
    HAL_RCCEx_PeriphCLKConfig                0x08001291   Thumb Code   952  stm32f4xx_hal_rcc_ex.o(i.HAL_RCCEx_PeriphCLKConfig)
    HAL_RCC_ClockConfig                      0x0800166d   Thumb Code   514  stm32f4xx_hal_rcc.o(i.HAL_RCC_ClockConfig)
    HAL_RCC_GetHCLKFreq                      0x08001879   Thumb Code    38  stm32f4xx_hal_rcc.o(i.HAL_RCC_GetHCLKFreq)
    HAL_RCC_GetSysClockFreq                  0x080018ad   Thumb Code   104  stm32f4xx_hal_rcc.o(i.HAL_RCC_GetSysClockFreq)
    HAL_RCC_OscConfig                        0x0800191d   Thumb Code   822  stm32f4xx_hal_rcc_ex.o(i.HAL_RCC_OscConfig)
    HAL_SYSTICK_Config                       0x08001c69   Thumb Code    40  stm32f4xx_hal_cortex.o(i.HAL_SYSTICK_Config)
    HandleStandardKeys                       0x08001c91   Thumb Code    54  keyboard.o(i.HandleStandardKeys)
    HardFault_Handler                        0x08001ce5   Thumb Code     2  stm32f4xx_it.o(i.HardFault_Handler)
    MemManage_Handler                        0x08001d21   Thumb Code     2  stm32f4xx_it.o(i.MemManage_Handler)
    NMI_Handler                              0x08001d23   Thumb Code     2  stm32f4xx_it.o(i.NMI_Handler)
    OTG_FS_IRQHandler                        0x08001d25   Thumb Code     6  stm32f4xx_it.o(i.OTG_FS_IRQHandler)
    OTG_FS_WKUP_IRQHandler                   0x08001d31   Thumb Code    46  stm32f4xx_it.o(i.OTG_FS_WKUP_IRQHandler)
    PendSV_Handler                           0x08001e03   Thumb Code     2  stm32f4xx_it.o(i.PendSV_Handler)
    SVC_Handler                              0x08001e05   Thumb Code     2  stm32f4xx_it.o(i.SVC_Handler)
    ScanKeys                                 0x08001e09   Thumb Code    74  keyboard.o(i.ScanKeys)
    SendNullReport                           0x08001e95   Thumb Code    16  keyboard.o(i.SendNullReport)
    SendReport                               0x08001ea5   Thumb Code    28  keyboard.o(i.SendReport)
    SetupKeyboard                            0x08001ec9   Thumb Code    76  keyboard.o(i.SetupKeyboard)
    SysTick_Handler                          0x08001f29   Thumb Code     4  stm32f4xx_it.o(i.SysTick_Handler)
    SystemClock_Config                       0x08001fc1   Thumb Code   138  main.o(i.SystemClock_Config)
    SystemInit                               0x08002055   Thumb Code    66  system_stm32f4xx.o(i.SystemInit)
    USBD_ClrClassConfig                      0x080020a9   Thumb Code    14  usbd_core.o(i.USBD_ClrClassConfig)
    USBD_CtlContinueRx                       0x080020b7   Thumb Code    16  usbd_ioreq.o(i.USBD_CtlContinueRx)
    USBD_CtlContinueSendData                 0x080020c7   Thumb Code    16  usbd_ioreq.o(i.USBD_CtlContinueSendData)
    USBD_CtlError                            0x080020d7   Thumb Code    22  usbd_ctlreq.o(i.USBD_CtlError)
    USBD_CtlReceiveStatus                    0x080020ed   Thumb Code    22  usbd_ioreq.o(i.USBD_CtlReceiveStatus)
    USBD_CtlSendData                         0x08002103   Thumb Code    26  usbd_ioreq.o(i.USBD_CtlSendData)
    USBD_CtlSendStatus                       0x0800211d   Thumb Code    22  usbd_ioreq.o(i.USBD_CtlSendStatus)
    USBD_GetString                           0x08002213   Thumb Code    70  usbd_ctlreq.o(i.USBD_GetString)
    USBD_HID_ConfigStrDescriptor             0x08002259   Thumb Code    16  usbd_desc.o(i.USBD_HID_ConfigStrDescriptor)
    USBD_HID_DeviceDescriptor                0x080022a5   Thumb Code     8  usbd_desc.o(i.USBD_HID_DeviceDescriptor)
    USBD_HID_InterfaceStrDescriptor          0x080022f1   Thumb Code    16  usbd_desc.o(i.USBD_HID_InterfaceStrDescriptor)
    USBD_HID_LangIDStrDescriptor             0x08002315   Thumb Code     8  usbd_desc.o(i.USBD_HID_LangIDStrDescriptor)
    USBD_HID_ManufacturerStrDescriptor       0x08002321   Thumb Code    16  usbd_desc.o(i.USBD_HID_ManufacturerStrDescriptor)
    USBD_HID_ProductStrDescriptor            0x08002349   Thumb Code    24  usbd_desc.o(i.USBD_HID_ProductStrDescriptor)
    USBD_HID_SendReport                      0x08002395   Thumb Code    36  usbd_hid.o(i.USBD_HID_SendReport)
    USBD_HID_SerialStrDescriptor             0x080023b9   Thumb Code    48  usbd_desc.o(i.USBD_HID_SerialStrDescriptor)
    USBD_Init                                0x08002491   Thumb Code    42  usbd_core.o(i.USBD_Init)
    USBD_LL_ClearStallEP                     0x080024bb   Thumb Code    14  usbd_conf.o(i.USBD_LL_ClearStallEP)
    USBD_LL_CloseEP                          0x080024c9   Thumb Code    14  usbd_conf.o(i.USBD_LL_CloseEP)
    USBD_LL_DataInStage                      0x080024d7   Thumb Code   170  usbd_core.o(i.USBD_LL_DataInStage)
    USBD_LL_DataOutStage                     0x08002581   Thumb Code   106  usbd_core.o(i.USBD_LL_DataOutStage)
    USBD_LL_DevConnected                     0x080025eb   Thumb Code     4  usbd_core.o(i.USBD_LL_DevConnected)
    USBD_LL_DevDisconnected                  0x080025ef   Thumb Code    22  usbd_core.o(i.USBD_LL_DevDisconnected)
    USBD_LL_Init                             0x08002605   Thumb Code    86  usbd_conf.o(i.USBD_LL_Init)
    USBD_LL_IsStallEP                        0x08002661   Thumb Code    32  usbd_conf.o(i.USBD_LL_IsStallEP)
    USBD_LL_IsoINIncomplete                  0x08002681   Thumb Code     4  usbd_core.o(i.USBD_LL_IsoINIncomplete)
    USBD_LL_IsoOUTIncomplete                 0x08002685   Thumb Code     4  usbd_core.o(i.USBD_LL_IsoOUTIncomplete)
    USBD_LL_OpenEP                           0x08002689   Thumb Code    20  usbd_conf.o(i.USBD_LL_OpenEP)
    USBD_LL_PrepareReceive                   0x0800269d   Thumb Code    14  usbd_conf.o(i.USBD_LL_PrepareReceive)
    USBD_LL_Reset                            0x080026ab   Thumb Code    62  usbd_core.o(i.USBD_LL_Reset)
    USBD_LL_Resume                           0x080026e9   Thumb Code    12  usbd_core.o(i.USBD_LL_Resume)
    USBD_LL_SOF                              0x080026f5   Thumb Code    24  usbd_core.o(i.USBD_LL_SOF)
    USBD_LL_SetSpeed                         0x0800270d   Thumb Code     6  usbd_core.o(i.USBD_LL_SetSpeed)
    USBD_LL_SetUSBAddress                    0x08002713   Thumb Code    14  usbd_conf.o(i.USBD_LL_SetUSBAddress)
    USBD_LL_SetupStage                       0x08002721   Thumb Code    90  usbd_core.o(i.USBD_LL_SetupStage)
    USBD_LL_StallEP                          0x0800277b   Thumb Code    14  usbd_conf.o(i.USBD_LL_StallEP)
    USBD_LL_Start                            0x08002789   Thumb Code    14  usbd_conf.o(i.USBD_LL_Start)
    USBD_LL_Suspend                          0x08002797   Thumb Code    18  usbd_core.o(i.USBD_LL_Suspend)
    USBD_LL_Transmit                         0x080027a9   Thumb Code    14  usbd_conf.o(i.USBD_LL_Transmit)
    USBD_ParseSetupRequest                   0x080027b7   Thumb Code    40  usbd_ctlreq.o(i.USBD_ParseSetupRequest)
    USBD_RegisterClass                       0x080027df   Thumb Code    16  usbd_core.o(i.USBD_RegisterClass)
    USBD_SetClassConfig                      0x080027ef   Thumb Code    22  usbd_core.o(i.USBD_SetClassConfig)
    USBD_Start                               0x08002879   Thumb Code    10  usbd_core.o(i.USBD_Start)
    USBD_StdDevReq                           0x08002883   Thumb Code   242  usbd_ctlreq.o(i.USBD_StdDevReq)
    USBD_StdEPReq                            0x08002975   Thumb Code   220  usbd_ctlreq.o(i.USBD_StdEPReq)
    USBD_StdItfReq                           0x08002a51   Thumb Code    52  usbd_ctlreq.o(i.USBD_StdItfReq)
    USB_ActivateEndpoint                     0x08002a85   Thumb Code   122  stm32f4xx_ll_usb.o(i.USB_ActivateEndpoint)
    USB_ActivateSetup                        0x08002b05   Thumb Code    52  stm32f4xx_ll_usb.o(i.USB_ActivateSetup)
    USB_CoreInit                             0x08002b39   Thumb Code   104  stm32f4xx_ll_usb.o(i.USB_CoreInit)
    USB_DeactivateEndpoint                   0x08002bdd   Thumb Code   110  stm32f4xx_ll_usb.o(i.USB_DeactivateEndpoint)
    USB_DevConnect                           0x08002c4b   Thumb Code    24  stm32f4xx_ll_usb.o(i.USB_DevConnect)
    USB_DevDisconnect                        0x08002c63   Thumb Code    24  stm32f4xx_ll_usb.o(i.USB_DevDisconnect)
    USB_DevInit                              0x08002c7d   Thumb Code   322  stm32f4xx_ll_usb.o(i.USB_DevInit)
    USB_DisableGlobalInt                     0x08002dd1   Thumb Code    12  stm32f4xx_ll_usb.o(i.USB_DisableGlobalInt)
    USB_EP0StartXfer                         0x08002ddd   Thumb Code   316  stm32f4xx_ll_usb.o(i.USB_EP0StartXfer)
    USB_EP0_OutStart                         0x08002f1d   Thumb Code    62  stm32f4xx_ll_usb.o(i.USB_EP0_OutStart)
    USB_EPClearStall                         0x08002f5b   Thumb Code   100  stm32f4xx_ll_usb.o(i.USB_EPClearStall)
    USB_EPSetStall                           0x08002fbf   Thumb Code    94  stm32f4xx_ll_usb.o(i.USB_EPSetStall)
    USB_EPStartXfer                          0x0800301d   Thumb Code   534  stm32f4xx_ll_usb.o(i.USB_EPStartXfer)
    USB_EnableGlobalInt                      0x08003239   Thumb Code    12  stm32f4xx_ll_usb.o(i.USB_EnableGlobalInt)
    USB_FlushRxFifo                          0x08003245   Thumb Code    28  stm32f4xx_ll_usb.o(i.USB_FlushRxFifo)
    USB_FlushTxFifo                          0x08003265   Thumb Code    32  stm32f4xx_ll_usb.o(i.USB_FlushTxFifo)
    USB_GetDevSpeed                          0x08003289   Thumb Code    60  stm32f4xx_ll_usb.o(i.USB_GetDevSpeed)
    USB_GetMode                              0x080032c5   Thumb Code     8  stm32f4xx_ll_usb.o(i.USB_GetMode)
    USB_ReadDevAllInEpInterrupt              0x080032cd   Thumb Code    14  stm32f4xx_ll_usb.o(i.USB_ReadDevAllInEpInterrupt)
    USB_ReadDevAllOutEpInterrupt             0x080032db   Thumb Code    14  stm32f4xx_ll_usb.o(i.USB_ReadDevAllOutEpInterrupt)
    USB_ReadDevInEPInterrupt                 0x080032e9   Thumb Code    30  stm32f4xx_ll_usb.o(i.USB_ReadDevInEPInterrupt)
    USB_ReadDevOutEPInterrupt                0x08003307   Thumb Code    16  stm32f4xx_ll_usb.o(i.USB_ReadDevOutEPInterrupt)
    USB_ReadInterrupts                       0x08003317   Thumb Code     8  stm32f4xx_ll_usb.o(i.USB_ReadInterrupts)
    USB_ReadPacket                           0x0800331f   Thumb Code    32  stm32f4xx_ll_usb.o(i.USB_ReadPacket)
    USB_SetCurrentMode                       0x0800333f   Thumb Code    44  stm32f4xx_ll_usb.o(i.USB_SetCurrentMode)
    USB_SetDevAddress                        0x0800336b   Thumb Code    34  stm32f4xx_ll_usb.o(i.USB_SetDevAddress)
    USB_WritePacket                          0x0800338d   Thumb Code    40  stm32f4xx_ll_usb.o(i.USB_WritePacket)
    UpdateKeyboard                           0x080033b5   Thumb Code    14  keyboard.o(i.UpdateKeyboard)
    UsageFault_Handler                       0x080033c3   Thumb Code     2  stm32f4xx_it.o(i.UsageFault_Handler)
    __0printf$8                              0x080033c5   Thumb Code    22  printf8.o(i.__0printf$8)
    __1printf$8                              0x080033c5   Thumb Code     0  printf8.o(i.__0printf$8)
    __2printf                                0x080033c5   Thumb Code     0  printf8.o(i.__0printf$8)
    __scatterload_copy                       0x08003405   Thumb Code    14  handlers.o(i.__scatterload_copy)
    __scatterload_null                       0x08003413   Thumb Code     2  handlers.o(i.__scatterload_null)
    __scatterload_zeroinit                   0x08003415   Thumb Code    14  handlers.o(i.__scatterload_zeroinit)
    fputc                                    0x08003889   Thumb Code    36  itm_swo.o(i.fputc)
    free                                     0x080038b1   Thumb Code    76  malloc.o(i.free)
    main                                     0x08003901   Thumb Code   206  main.o(i.main)
    malloc                                   0x08003a4d   Thumb Code    92  malloc.o(i.malloc)
    BUTTON_PIN                               0x08003ab8   Data           2  stm32469i_discovery.o(.constdata)
    BUTTON_IRQn                              0x08003aba   Data           2  stm32469i_discovery.o(.constdata)
    APBAHBPrescTable                         0x08003abc   Data          16  stm32f4xx_hal_rcc.o(.constdata)
    Region$$Table$$Base                      0x08003acc   Number         0  anon$$obj.o(Region$$Table)
    Region$$Table$$Limit                     0x08003aec   Number         0  anon$$obj.o(Region$$Table)
    USBD_HID                                 0x20000004   Data          56  usbd_hid.o(.data)
    HID_Desc                                 0x200000a8   Data          28  usbd_desc.o(.data)
    USBD_LangIDDesc                          0x200000c4   Data           4  usbd_desc.o(.data)
    USBD_DeviceDesc                          0x200000c8   Data          18  usbd_desc.o(.data)
    USBD_StringSerial                        0x200000da   Data          26  usbd_desc.o(.data)
    anyKeyDown                               0x200000f4   Data           1  keyboard.o(.data)
    macroKeyDown                             0x200000f5   Data           1  keyboard.o(.data)
    macroStep                                0x200000f6   Data           1  keyboard.o(.data)
    macroCount                               0x200000f7   Data           1  keyboard.o(.data)
    macroNextKeySame                         0x200000f8   Data           1  keyboard.o(.data)
    macroMillis                              0x200000fc   Data           4  keyboard.o(.data)
    _reportBuffer                            0x20000100   Data           8  keyboard.o(.data)
    keys                                     0x20000108   Data          80  keyboard.o(.data)
    SystemCoreClock                          0x20000158   Data           4  system_stm32f4xx.o(.data)
    BUTTON_PORT                              0x2000015c   Data           4  stm32469i_discovery.o(.data)
    GPIO_PIN                                 0x20000160   Data          16  stm32469i_discovery.o(.data)
    GPIO_PORT                                0x20000170   Data          16  stm32469i_discovery.o(.data)
    __stdout                                 0x20000184   Data           4  stdout.o(.data)
    __microlib_freelist                      0x20000188   Data           4  mvars.o(.data)
    __microlib_freelist_initialised          0x2000018c   Data           4  mvars.o(.data)
    USBD_StrDesc                             0x20000190   Data         256  usbd_desc.o(.bss)
    USBD_Device                              0x20000290   Data         548  main.o(.bss)
    hpcd                                     0x200004b4   Data         964  usbd_conf.o(.bss)
    macroContent                             0x20000878   Data         100  keyboard.o(.bss)
    __heap_base                              0x200008f0   Data           0  startup_stm32f469xx.o(HEAP)
    __heap_limit                             0x20000af0   Data           0  startup_stm32f469xx.o(HEAP)
    __initial_sp                             0x20000ef0   Data           0  startup_stm32f469xx.o(STACK)



==============================================================================

Memory Map of the image

  Image Entry point : 0x080001b5

  Load Region LR_IROM1 (Base: 0x08000000, Size: 0x00003c7c, Max: 0x00200000, ABSOLUTE, COMPRESSED[0x00003bb8])

    Execution Region ER_IROM1 (Exec base: 0x08000000, Load base: 0x08000000, Size: 0x00003aec, Max: 0x00200000, ABSOLUTE)

    Exec Addr    Load Addr    Size         Type   Attr      Idx    E Section Name        Object

    0x08000000   0x08000000   0x000001b4   Data   RO          460    RESET               startup_stm32f469xx.o
    0x080001b4   0x080001b4   0x00000000   Code   RO         3590  * .ARM.Collect$$$$00000000  mc_w.l(entry.o)
    0x080001b4   0x080001b4   0x00000004   Code   RO         3893    .ARM.Collect$$$$00000001  mc_w.l(entry2.o)
    0x080001b8   0x080001b8   0x00000004   Code   RO         3896    .ARM.Collect$$$$00000004  mc_w.l(entry5.o)
    0x080001bc   0x080001bc   0x00000000   Code   RO         3898    .ARM.Collect$$$$00000008  mc_w.l(entry7b.o)
    0x080001bc   0x080001bc   0x00000000   Code   RO         3900    .ARM.Collect$$$$0000000A  mc_w.l(entry8b.o)
    0x080001bc   0x080001bc   0x00000008   Code   RO         3901    .ARM.Collect$$$$0000000B  mc_w.l(entry9a.o)
    0x080001c4   0x080001c4   0x00000000   Code   RO         3903    .ARM.Collect$$$$0000000D  mc_w.l(entry10a.o)
    0x080001c4   0x080001c4   0x00000000   Code   RO         3905    .ARM.Collect$$$$0000000F  mc_w.l(entry11a.o)
    0x080001c4   0x080001c4   0x00000004   Code   RO         3894    .ARM.Collect$$$$00002712  mc_w.l(entry2.o)
    0x080001c8   0x080001c8   0x00000024   Code   RO          461    .text               startup_stm32f469xx.o
    0x080001ec   0x080001ec   0x00000024   Code   RO         3596    .text               mc_w.l(memcpya.o)
    0x08000210   0x08000210   0x00000062   Code   RO         3910    .text               mc_w.l(uldiv.o)
    0x08000272   0x08000272   0x00000002   PAD
    0x08000274   0x08000274   0x00000024   Code   RO         3925    .text               mc_w.l(init.o)
    0x08000298   0x08000298   0x0000001e   Code   RO         3927    .text               mc_w.l(llshl.o)
    0x080002b6   0x080002b6   0x00000020   Code   RO         3929    .text               mc_w.l(llushr.o)
    0x080002d6   0x080002d6   0x00000056   Code   RO         3943    .text               mc_w.l(__dczerorl2.o)
    0x0800032c   0x0800032c   0x00000088   Code   RO         1135    i.BSP_LED_Init      stm32469i_discovery.o
    0x080003b4   0x080003b4   0x00000020   Code   RO         1136    i.BSP_LED_Off       stm32469i_discovery.o
    0x080003d4   0x080003d4   0x00000020   Code   RO         1137    i.BSP_LED_On        stm32469i_discovery.o
    0x080003f4   0x080003f4   0x00000020   Code   RO         1138    i.BSP_LED_Toggle    stm32469i_discovery.o
    0x08000414   0x08000414   0x00000084   Code   RO         1141    i.BSP_PB_Init       stm32469i_discovery.o
    0x08000498   0x08000498   0x00000002   Code   RO          827    i.BusFault_Handler  stm32f4xx_it.o
    0x0800049a   0x0800049a   0x00000022   Code   RO          922    i.CopyReportToBuffer  keyboard.o
    0x080004bc   0x080004bc   0x00000002   Code   RO          828    i.DebugMon_Handler  stm32f4xx_it.o
    0x080004be   0x080004be   0x00000006   Code   RO          829    i.EXTI0_IRQHandler  stm32f4xx_it.o
    0x080004c4   0x080004c4   0x00000028   Code   RO          542    i.Get_ChipID        main.o
    0x080004ec   0x080004ec   0x0000001c   Code   RO          543    i.HAL_Delay         main.o
    0x08000508   0x08000508   0x0000006c   Code   RO          623    i.HAL_GPIO_EXTI_Callback  usbd_conf.o
    0x08000574   0x08000574   0x00000018   Code   RO         1640    i.HAL_GPIO_EXTI_IRQHandler  stm32f4xx_hal_gpio.o
    0x0800058c   0x0800058c   0x000001cc   Code   RO         1641    i.HAL_GPIO_Init     stm32f4xx_hal_gpio.o
    0x08000758   0x08000758   0x0000000a   Code   RO         1643    i.HAL_GPIO_ReadPin  stm32f4xx_hal_gpio.o
    0x08000762   0x08000762   0x00000008   Code   RO         1644    i.HAL_GPIO_TogglePin  stm32f4xx_hal_gpio.o
    0x0800076a   0x0800076a   0x0000000a   Code   RO         1645    i.HAL_GPIO_WritePin  stm32f4xx_hal_gpio.o
    0x08000774   0x08000774   0x0000000c   Code   RO         2709    i.HAL_GetTick       stm32f4xx_hal.o
    0x08000780   0x08000780   0x00000010   Code   RO         2710    i.HAL_IncTick       stm32f4xx_hal.o
    0x08000790   0x08000790   0x00000034   Code   RO         2711    i.HAL_Init          stm32f4xx_hal.o
    0x080007c4   0x080007c4   0x00000022   Code   RO         2712    i.HAL_InitTick      stm32f4xx_hal.o
    0x080007e6   0x080007e6   0x00000002   Code   RO         2714    i.HAL_MspInit       stm32f4xx_hal.o
    0x080007e8   0x080007e8   0x0000001a   Code   RO         2855    i.HAL_NVIC_EnableIRQ  stm32f4xx_hal_cortex.o
    0x08000802   0x08000802   0x00000002   PAD
    0x08000804   0x08000804   0x00000040   Code   RO         2861    i.HAL_NVIC_SetPriority  stm32f4xx_hal_cortex.o
    0x08000844   0x08000844   0x00000024   Code   RO         2862    i.HAL_NVIC_SetPriorityGrouping  stm32f4xx_hal_cortex.o
    0x08000868   0x08000868   0x00000028   Code   RO         1935    i.HAL_PCDEx_ActivateLPM  stm32f4xx_hal_pcd_ex.o
    0x08000890   0x08000890   0x00000002   Code   RO         1937    i.HAL_PCDEx_LPM_Callback  stm32f4xx_hal_pcd_ex.o
    0x08000892   0x08000892   0x00000008   Code   RO         1938    i.HAL_PCDEx_SetRxFiFo  stm32f4xx_hal_pcd_ex.o
    0x0800089a   0x0800089a   0x00000044   Code   RO         1939    i.HAL_PCDEx_SetTxFiFo  stm32f4xx_hal_pcd_ex.o
    0x080008de   0x080008de   0x0000001a   Code   RO         2975    i.HAL_PCD_ActivateRemoteWakeup  stm32f4xx_hal_pcd.o
    0x080008f8   0x080008f8   0x00000008   Code   RO          624    i.HAL_PCD_ConnectCallback  usbd_conf.o
    0x08000900   0x08000900   0x00000012   Code   RO          625    i.HAL_PCD_DataInStageCallback  usbd_conf.o
    0x08000912   0x08000912   0x00000014   Code   RO          626    i.HAL_PCD_DataOutStageCallback  usbd_conf.o
    0x08000926   0x08000926   0x00000012   Code   RO         2979    i.HAL_PCD_DeActivateRemoteWakeup  stm32f4xx_hal_pcd.o
    0x08000938   0x08000938   0x00000008   Code   RO          627    i.HAL_PCD_DisconnectCallback  usbd_conf.o
    0x08000940   0x08000940   0x00000044   Code   RO         2984    i.HAL_PCD_EP_Close  stm32f4xx_hal_pcd.o
    0x08000984   0x08000984   0x00000050   Code   RO         2985    i.HAL_PCD_EP_ClrStall  stm32f4xx_hal_pcd.o
    0x080009d4   0x080009d4   0x00000054   Code   RO         2988    i.HAL_PCD_EP_Open   stm32f4xx_hal_pcd.o
    0x08000a28   0x08000a28   0x0000005e   Code   RO         2989    i.HAL_PCD_EP_Receive  stm32f4xx_hal_pcd.o
    0x08000a86   0x08000a86   0x00000060   Code   RO         2990    i.HAL_PCD_EP_SetStall  stm32f4xx_hal_pcd.o
    0x08000ae6   0x08000ae6   0x00000056   Code   RO         2991    i.HAL_PCD_EP_Transmit  stm32f4xx_hal_pcd.o
    0x08000b3c   0x08000b3c   0x0000044e   Code   RO         2993    i.HAL_PCD_IRQHandler  stm32f4xx_hal_pcd.o
    0x08000f8a   0x08000f8a   0x00000008   Code   RO          628    i.HAL_PCD_ISOINIncompleteCallback  usbd_conf.o
    0x08000f92   0x08000f92   0x00000008   Code   RO          629    i.HAL_PCD_ISOOUTIncompleteCallback  usbd_conf.o
    0x08000f9a   0x08000f9a   0x00000002   PAD
    0x08000f9c   0x08000f9c   0x000000cc   Code   RO         2996    i.HAL_PCD_Init      stm32f4xx_hal_pcd.o
    0x08001068   0x08001068   0x000000dc   Code   RO          631    i.HAL_PCD_MspInit   usbd_conf.o
    0x08001144   0x08001144   0x00000022   Code   RO          632    i.HAL_PCD_ResetCallback  usbd_conf.o
    0x08001166   0x08001166   0x00000008   Code   RO          633    i.HAL_PCD_ResumeCallback  usbd_conf.o
    0x0800116e   0x0800116e   0x00000008   Code   RO          634    i.HAL_PCD_SOFCallback  usbd_conf.o
    0x08001176   0x08001176   0x00000024   Code   RO         3002    i.HAL_PCD_SetAddress  stm32f4xx_hal_pcd.o
    0x0800119a   0x0800119a   0x0000000e   Code   RO          635    i.HAL_PCD_SetupStageCallback  usbd_conf.o
    0x080011a8   0x080011a8   0x0000002a   Code   RO         3004    i.HAL_PCD_Start     stm32f4xx_hal_pcd.o
    0x080011d2   0x080011d2   0x00000002   PAD
    0x080011d4   0x080011d4   0x00000030   Code   RO          636    i.HAL_PCD_SuspendCallback  usbd_conf.o
    0x08001204   0x08001204   0x0000008c   Code   RO         2215    i.HAL_PWREx_EnableOverDrive  stm32f4xx_hal_pwr_ex.o
    0x08001290   0x08001290   0x000003dc   Code   RO         2102    i.HAL_RCCEx_PeriphCLKConfig  stm32f4xx_hal_rcc_ex.o
    0x0800166c   0x0800166c   0x0000020c   Code   RO         2353    i.HAL_RCC_ClockConfig  stm32f4xx_hal_rcc.o
    0x08001878   0x08001878   0x00000034   Code   RO         2358    i.HAL_RCC_GetHCLKFreq  stm32f4xx_hal_rcc.o
    0x080018ac   0x080018ac   0x00000070   Code   RO         2362    i.HAL_RCC_GetSysClockFreq  stm32f4xx_hal_rcc.o
    0x0800191c   0x0800191c   0x0000034c   Code   RO         2106    i.HAL_RCC_OscConfig  stm32f4xx_hal_rcc_ex.o
    0x08001c68   0x08001c68   0x00000028   Code   RO         2866    i.HAL_SYSTICK_Config  stm32f4xx_hal_cortex.o
    0x08001c90   0x08001c90   0x00000054   Code   RO          925    i.HandleStandardKeys  keyboard.o
    0x08001ce4   0x08001ce4   0x00000002   Code   RO          830    i.HardFault_Handler  stm32f4xx_it.o
    0x08001ce6   0x08001ce6   0x00000002   PAD
    0x08001ce8   0x08001ce8   0x00000038   Code   RO          468    i.IntToUnicode      usbd_desc.o
    0x08001d20   0x08001d20   0x00000002   Code   RO          831    i.MemManage_Handler  stm32f4xx_it.o
    0x08001d22   0x08001d22   0x00000002   Code   RO          832    i.NMI_Handler       stm32f4xx_it.o
    0x08001d24   0x08001d24   0x0000000c   Code   RO          833    i.OTG_FS_IRQHandler  stm32f4xx_it.o
    0x08001d30   0x08001d30   0x0000003c   Code   RO          834    i.OTG_FS_WKUP_IRQHandler  stm32f4xx_it.o
    0x08001d6c   0x08001d6c   0x00000096   Code   RO         3007    i.PCD_WriteEmptyTxFifo  stm32f4xx_hal_pcd.o
    0x08001e02   0x08001e02   0x00000002   Code   RO          835    i.PendSV_Handler    stm32f4xx_it.o
    0x08001e04   0x08001e04   0x00000002   Code   RO          836    i.SVC_Handler       stm32f4xx_it.o
    0x08001e06   0x08001e06   0x00000002   PAD
    0x08001e08   0x08001e08   0x0000008c   Code   RO          927    i.ScanKeys          keyboard.o
    0x08001e94   0x08001e94   0x00000010   Code   RO          928    i.SendNullReport    keyboard.o
    0x08001ea4   0x08001ea4   0x00000024   Code   RO          929    i.SendReport        keyboard.o
    0x08001ec8   0x08001ec8   0x00000060   Code   RO          930    i.SetupKeyboard     keyboard.o
    0x08001f28   0x08001f28   0x00000004   Code   RO          837    i.SysTick_Handler   stm32f4xx_it.o
    0x08001f2c   0x08001f2c   0x00000094   Code   RO          637    i.SystemClockConfig_STOP  usbd_conf.o
    0x08001fc0   0x08001fc0   0x00000094   Code   RO          545    i.SystemClock_Config  main.o
    0x08002054   0x08002054   0x00000054   Code   RO         1092    i.SystemInit        system_stm32f4xx.o
    0x080020a8   0x080020a8   0x0000000e   Code   RO          187    i.USBD_ClrClassConfig  usbd_core.o
    0x080020b6   0x080020b6   0x00000010   Code   RO            4    i.USBD_CtlContinueRx  usbd_ioreq.o
    0x080020c6   0x080020c6   0x00000010   Code   RO            5    i.USBD_CtlContinueSendData  usbd_ioreq.o
    0x080020d6   0x080020d6   0x00000016   Code   RO          325    i.USBD_CtlError     usbd_ctlreq.o
    0x080020ec   0x080020ec   0x00000016   Code   RO            7    i.USBD_CtlReceiveStatus  usbd_ioreq.o
    0x08002102   0x08002102   0x0000001a   Code   RO            8    i.USBD_CtlSendData  usbd_ioreq.o
    0x0800211c   0x0800211c   0x00000016   Code   RO            9    i.USBD_CtlSendStatus  usbd_ioreq.o
    0x08002132   0x08002132   0x000000e0   Code   RO          326    i.USBD_GetDescriptor  usbd_ctlreq.o
    0x08002212   0x08002212   0x00000046   Code   RO          327    i.USBD_GetString    usbd_ctlreq.o
    0x08002258   0x08002258   0x00000020   Code   RO          469    i.USBD_HID_ConfigStrDescriptor  usbd_desc.o
    0x08002278   0x08002278   0x0000000c   Code   RO          390    i.USBD_HID_DataIn   usbd_hid.o
    0x08002284   0x08002284   0x0000001e   Code   RO          391    i.USBD_HID_DeInit   usbd_hid.o
    0x080022a2   0x080022a2   0x00000002   PAD
    0x080022a4   0x080022a4   0x0000000c   Code   RO          470    i.USBD_HID_DeviceDescriptor  usbd_desc.o
    0x080022b0   0x080022b0   0x0000000c   Code   RO          392    i.USBD_HID_GetCfgDesc  usbd_hid.o
    0x080022bc   0x080022bc   0x0000000c   Code   RO          393    i.USBD_HID_GetDeviceQualifierDesc  usbd_hid.o
    0x080022c8   0x080022c8   0x00000028   Code   RO          395    i.USBD_HID_Init     usbd_hid.o
    0x080022f0   0x080022f0   0x00000024   Code   RO          471    i.USBD_HID_InterfaceStrDescriptor  usbd_desc.o
    0x08002314   0x08002314   0x0000000c   Code   RO          472    i.USBD_HID_LangIDStrDescriptor  usbd_desc.o
    0x08002320   0x08002320   0x00000028   Code   RO          473    i.USBD_HID_ManufacturerStrDescriptor  usbd_desc.o
    0x08002348   0x08002348   0x0000004c   Code   RO          474    i.USBD_HID_ProductStrDescriptor  usbd_desc.o
    0x08002394   0x08002394   0x00000024   Code   RO          396    i.USBD_HID_SendReport  usbd_hid.o
    0x080023b8   0x080023b8   0x00000038   Code   RO          475    i.USBD_HID_SerialStrDescriptor  usbd_desc.o
    0x080023f0   0x080023f0   0x000000a0   Code   RO          397    i.USBD_HID_Setup    usbd_hid.o
    0x08002490   0x08002490   0x0000002a   Code   RO          189    i.USBD_Init         usbd_core.o
    0x080024ba   0x080024ba   0x0000000e   Code   RO          638    i.USBD_LL_ClearStallEP  usbd_conf.o
    0x080024c8   0x080024c8   0x0000000e   Code   RO          639    i.USBD_LL_CloseEP   usbd_conf.o
    0x080024d6   0x080024d6   0x000000aa   Code   RO          190    i.USBD_LL_DataInStage  usbd_core.o
    0x08002580   0x08002580   0x0000006a   Code   RO          191    i.USBD_LL_DataOutStage  usbd_core.o
    0x080025ea   0x080025ea   0x00000004   Code   RO          192    i.USBD_LL_DevConnected  usbd_core.o
    0x080025ee   0x080025ee   0x00000016   Code   RO          193    i.USBD_LL_DevDisconnected  usbd_core.o
    0x08002604   0x08002604   0x0000005c   Code   RO          644    i.USBD_LL_Init      usbd_conf.o
    0x08002660   0x08002660   0x00000020   Code   RO          645    i.USBD_LL_IsStallEP  usbd_conf.o
    0x08002680   0x08002680   0x00000004   Code   RO          194    i.USBD_LL_IsoINIncomplete  usbd_core.o
    0x08002684   0x08002684   0x00000004   Code   RO          195    i.USBD_LL_IsoOUTIncomplete  usbd_core.o
    0x08002688   0x08002688   0x00000014   Code   RO          646    i.USBD_LL_OpenEP    usbd_conf.o
    0x0800269c   0x0800269c   0x0000000e   Code   RO          647    i.USBD_LL_PrepareReceive  usbd_conf.o
    0x080026aa   0x080026aa   0x0000003e   Code   RO          196    i.USBD_LL_Reset     usbd_core.o
    0x080026e8   0x080026e8   0x0000000c   Code   RO          197    i.USBD_LL_Resume    usbd_core.o
    0x080026f4   0x080026f4   0x00000018   Code   RO          198    i.USBD_LL_SOF       usbd_core.o
    0x0800270c   0x0800270c   0x00000006   Code   RO          199    i.USBD_LL_SetSpeed  usbd_core.o
    0x08002712   0x08002712   0x0000000e   Code   RO          648    i.USBD_LL_SetUSBAddress  usbd_conf.o
    0x08002720   0x08002720   0x0000005a   Code   RO          200    i.USBD_LL_SetupStage  usbd_core.o
    0x0800277a   0x0800277a   0x0000000e   Code   RO          649    i.USBD_LL_StallEP   usbd_conf.o
    0x08002788   0x08002788   0x0000000e   Code   RO          650    i.USBD_LL_Start     usbd_conf.o
    0x08002796   0x08002796   0x00000012   Code   RO          201    i.USBD_LL_Suspend   usbd_core.o
    0x080027a8   0x080027a8   0x0000000e   Code   RO          652    i.USBD_LL_Transmit  usbd_conf.o
    0x080027b6   0x080027b6   0x00000028   Code   RO          328    i.USBD_ParseSetupRequest  usbd_ctlreq.o
    0x080027de   0x080027de   0x00000010   Code   RO          202    i.USBD_RegisterClass  usbd_core.o
    0x080027ee   0x080027ee   0x00000016   Code   RO          204    i.USBD_SetClassConfig  usbd_core.o
    0x08002804   0x08002804   0x00000074   Code   RO          329    i.USBD_SetConfig    usbd_ctlreq.o
    0x08002878   0x08002878   0x0000000a   Code   RO          205    i.USBD_Start        usbd_core.o
    0x08002882   0x08002882   0x000000f2   Code   RO          330    i.USBD_StdDevReq    usbd_ctlreq.o
    0x08002974   0x08002974   0x000000dc   Code   RO          331    i.USBD_StdEPReq     usbd_ctlreq.o
    0x08002a50   0x08002a50   0x00000034   Code   RO          332    i.USBD_StdItfReq    usbd_ctlreq.o
    0x08002a84   0x08002a84   0x00000080   Code   RO         3191    i.USB_ActivateEndpoint  stm32f4xx_ll_usb.o
    0x08002b04   0x08002b04   0x00000034   Code   RO         3192    i.USB_ActivateSetup  stm32f4xx_ll_usb.o
    0x08002b38   0x08002b38   0x0000006c   Code   RO         3194    i.USB_CoreInit      stm32f4xx_ll_usb.o
    0x08002ba4   0x08002ba4   0x00000038   Code   RO         3195    i.USB_CoreReset     stm32f4xx_ll_usb.o
    0x08002bdc   0x08002bdc   0x0000006e   Code   RO         3197    i.USB_DeactivateEndpoint  stm32f4xx_ll_usb.o
    0x08002c4a   0x08002c4a   0x00000018   Code   RO         3198    i.USB_DevConnect    stm32f4xx_ll_usb.o
    0x08002c62   0x08002c62   0x00000018   Code   RO         3199    i.USB_DevDisconnect  stm32f4xx_ll_usb.o
    0x08002c7a   0x08002c7a   0x00000002   PAD
    0x08002c7c   0x08002c7c   0x00000154   Code   RO         3200    i.USB_DevInit       stm32f4xx_ll_usb.o
    0x08002dd0   0x08002dd0   0x0000000c   Code   RO         3201    i.USB_DisableGlobalInt  stm32f4xx_ll_usb.o
    0x08002ddc   0x08002ddc   0x00000140   Code   RO         3204    i.USB_EP0StartXfer  stm32f4xx_ll_usb.o
    0x08002f1c   0x08002f1c   0x0000003e   Code   RO         3205    i.USB_EP0_OutStart  stm32f4xx_ll_usb.o
    0x08002f5a   0x08002f5a   0x00000064   Code   RO         3206    i.USB_EPClearStall  stm32f4xx_ll_usb.o
    0x08002fbe   0x08002fbe   0x0000005e   Code   RO         3207    i.USB_EPSetStall    stm32f4xx_ll_usb.o
    0x0800301c   0x0800301c   0x0000021c   Code   RO         3208    i.USB_EPStartXfer   stm32f4xx_ll_usb.o
    0x08003238   0x08003238   0x0000000c   Code   RO         3209    i.USB_EnableGlobalInt  stm32f4xx_ll_usb.o
    0x08003244   0x08003244   0x00000020   Code   RO         3210    i.USB_FlushRxFifo   stm32f4xx_ll_usb.o
    0x08003264   0x08003264   0x00000024   Code   RO         3211    i.USB_FlushTxFifo   stm32f4xx_ll_usb.o
    0x08003288   0x08003288   0x0000003c   Code   RO         3213    i.USB_GetDevSpeed   stm32f4xx_ll_usb.o
    0x080032c4   0x080032c4   0x00000008   Code   RO         3215    i.USB_GetMode       stm32f4xx_ll_usb.o
    0x080032cc   0x080032cc   0x0000000e   Code   RO         3222    i.USB_ReadDevAllInEpInterrupt  stm32f4xx_ll_usb.o
    0x080032da   0x080032da   0x0000000e   Code   RO         3223    i.USB_ReadDevAllOutEpInterrupt  stm32f4xx_ll_usb.o
    0x080032e8   0x080032e8   0x0000001e   Code   RO         3224    i.USB_ReadDevInEPInterrupt  stm32f4xx_ll_usb.o
    0x08003306   0x08003306   0x00000010   Code   RO         3225    i.USB_ReadDevOutEPInterrupt  stm32f4xx_ll_usb.o
    0x08003316   0x08003316   0x00000008   Code   RO         3226    i.USB_ReadInterrupts  stm32f4xx_ll_usb.o
    0x0800331e   0x0800331e   0x00000020   Code   RO         3227    i.USB_ReadPacket    stm32f4xx_ll_usb.o
    0x0800333e   0x0800333e   0x0000002c   Code   RO         3229    i.USB_SetCurrentMode  stm32f4xx_ll_usb.o
    0x0800336a   0x0800336a   0x00000022   Code   RO         3230    i.USB_SetDevAddress  stm32f4xx_ll_usb.o
    0x0800338c   0x0800338c   0x00000028   Code   RO         3234    i.USB_WritePacket   stm32f4xx_ll_usb.o
    0x080033b4   0x080033b4   0x0000000e   Code   RO          931    i.UpdateKeyboard    keyboard.o
    0x080033c2   0x080033c2   0x00000002   Code   RO          838    i.UsageFault_Handler  stm32f4xx_it.o
    0x080033c4   0x080033c4   0x00000020   Code   RO         3811    i.__0printf$8       mc_w.l(printf8.o)
    0x080033e4   0x080033e4   0x00000020   Code   RO         2868    i.__NVIC_SetPriority  stm32f4xx_hal_cortex.o
    0x08003404   0x08003404   0x0000000e   Code   RO         3937    i.__scatterload_copy  mc_w.l(handlers.o)
    0x08003412   0x08003412   0x00000002   Code   RO         3938    i.__scatterload_null  mc_w.l(handlers.o)
    0x08003414   0x08003414   0x0000000e   Code   RO         3939    i.__scatterload_zeroinit  mc_w.l(handlers.o)
    0x08003422   0x08003422   0x00000002   PAD
    0x08003424   0x08003424   0x00000410   Code   RO         3818    i._printf_core      mc_w.l(printf8.o)
    0x08003834   0x08003834   0x00000024   Code   RO         3819    i._printf_post_padding  mc_w.l(printf8.o)
    0x08003858   0x08003858   0x0000002e   Code   RO         3820    i._printf_pre_padding  mc_w.l(printf8.o)
    0x08003886   0x08003886   0x00000002   PAD
    0x08003888   0x08003888   0x00000028   Code   RO         1060    i.fputc             itm_swo.o
    0x080038b0   0x080038b0   0x00000050   Code   RO         3865    i.free              mc_w.l(malloc.o)
    0x08003900   0x08003900   0x0000014c   Code   RO          546    i.main              main.o
    0x08003a4c   0x08003a4c   0x0000006c   Code   RO         3866    i.malloc            mc_w.l(malloc.o)
    0x08003ab8   0x08003ab8   0x00000004   Data   RO         1162    .constdata          stm32469i_discovery.o
    0x08003abc   0x08003abc   0x00000010   Data   RO         2366    .constdata          stm32f4xx_hal_rcc.o
    0x08003acc   0x08003acc   0x00000020   Data   RO         3935    Region$$Table       anon$$obj.o


    Execution Region RW_IRAM1 (Exec base: 0x20000000, Load base: 0x08003aec, Size: 0x00000ef0, Max: 0x00050000, ABSOLUTE, COMPRESSED[0x000000cc])

    Exec Addr    Load Addr    Size         Type   Attr      Idx    E Section Name        Object

    0x20000000   COMPRESSED   0x00000001   Data   RW          333    .data               usbd_ctlreq.o
    0x20000001   COMPRESSED   0x00000003   PAD
    0x20000004   COMPRESSED   0x00000038   Data   RW          398    .data               usbd_hid.o
    0x2000003c   COMPRESSED   0x00000069   Data   RW          399    .data               usbd_hid.o
    0x200000a5   COMPRESSED   0x00000003   PAD
    0x200000a8   COMPRESSED   0x0000001c   Data   RW          477    .data               usbd_desc.o
    0x200000c4   COMPRESSED   0x00000030   Data   RW          478    .data               usbd_desc.o
    0x200000f4   COMPRESSED   0x00000064   Data   RW          934    .data               keyboard.o
    0x20000158   COMPRESSED   0x00000004   Data   RW         1094    .data               system_stm32f4xx.o
    0x2000015c   COMPRESSED   0x00000024   Data   RW         1163    .data               stm32469i_discovery.o
    0x20000180   COMPRESSED   0x00000004   Data   RW         2717    .data               stm32f4xx_hal.o
    0x20000184   COMPRESSED   0x00000004   Data   RW         3907    .data               mc_w.l(stdout.o)
    0x20000188   COMPRESSED   0x00000004   Data   RW         3912    .data               mc_w.l(mvars.o)
    0x2000018c   COMPRESSED   0x00000004   Data   RW         3913    .data               mc_w.l(mvars.o)
    0x20000190        -       0x00000100   Zero   RW          476    .bss                usbd_desc.o
    0x20000290        -       0x00000224   Zero   RW          547    .bss                main.o
    0x200004b4        -       0x000003c4   Zero   RW          653    .bss                usbd_conf.o
    0x20000878        -       0x00000078   Zero   RW          932    .bss                keyboard.o
    0x200008f0        -       0x00000200   Zero   RW          459    HEAP                startup_stm32f469xx.o
    0x20000af0        -       0x00000400   Zero   RW          458    STACK               startup_stm32f469xx.o


==============================================================================

Image component sizes


      Code (inc. data)   RO Data    RW Data    ZI Data      Debug   Object Name

        40          4          0          0          0      30991   itm_swo.o
       420        124          0        100        120       6523   keyboard.o
       548        142          0          0        548       8363   main.o
        36          8        436          0       1536        876   startup_stm32f469xx.o
       364         38          4         36          0       6397   stm32469i_discovery.o
       116         16          0          4          0       4840   stm32f4xx_hal.o
       198         14          0          0          0      34743   stm32f4xx_hal_cortex.o
       512         58          0          0          0       5083   stm32f4xx_hal_gpio.o
      2086          0          0          0          0      13525   stm32f4xx_hal_pcd.o
       118          6          0          0          0       3589   stm32f4xx_hal_pcd_ex.o
       140         14          0          0          0       1512   stm32f4xx_hal_pwr_ex.o
       688         32         16          0          0       4121   stm32f4xx_hal_rcc.o
      1832         58          0          0          0       3484   stm32f4xx_hal_rcc_ex.o
        98         20          0          0          0       6442   stm32f4xx_it.o
      2350         52          0          0          0      23328   stm32f4xx_ll_usb.o
        84         18          0          4          0       1349   system_stm32f4xx.o
       900         40          0          0        964      16424   usbd_conf.o
       626          0          0          0          0      13954   usbd_core.o
       986         30          0          1          0       8964   usbd_ctlreq.o
       320        128          0         76        256       6870   usbd_desc.o
       302         12          0        161          0       7981   usbd_hid.o
       102          0          0          0          0     420832   usbd_ioreq.o

    ----------------------------------------------------------------------
     12880        814        488        388       3424     630191   Object Totals
         0          0         32          0          0          0   (incl. Generated)
        14          0          0          6          0          0   (incl. Padding)

    ----------------------------------------------------------------------

      Code (inc. data)   RO Data    RW Data    ZI Data      Debug   Library Member Name

        86          0          0          0          0          0   __dczerorl2.o
         0          0          0          0          0          0   entry.o
         0          0          0          0          0          0   entry10a.o
         0          0          0          0          0          0   entry11a.o
         8          4          0          0          0          0   entry2.o
         4          0          0          0          0          0   entry5.o
         0          0          0          0          0          0   entry7b.o
         0          0          0          0          0          0   entry8b.o
         8          4          0          0          0          0   entry9a.o
        30          0          0          0          0          0   handlers.o
        36          8          0          0          0         68   init.o
        30          0          0          0          0         68   llshl.o
        32          0          0          0          0         68   llushr.o
       188         20          0          0          0        160   malloc.o
        36          0          0          0          0         68   memcpya.o
         0          0          0          8          0          0   mvars.o
      1154         54          0          0          0        352   printf8.o
         0          0          0          4          0          0   stdout.o
        98          0          0          0          0         92   uldiv.o

    ----------------------------------------------------------------------
      1716         90          0         12          0        876   Library Totals
         6          0          0          0          0          0   (incl. Padding)

    ----------------------------------------------------------------------

      Code (inc. data)   RO Data    RW Data    ZI Data      Debug   Library Name

      1710         90          0         12          0        876   mc_w.l

    ----------------------------------------------------------------------
      1716         90          0         12          0        876   Library Totals

    ----------------------------------------------------------------------

==============================================================================


      Code (inc. data)   RO Data    RW Data    ZI Data      Debug   

     14596        904        488        400       3424     615235   Grand Totals
     14596        904        488        204       3424     615235   ELF Image Totals (compressed)
     14596        904        488        204          0          0   ROM Totals

==============================================================================

    Total RO  Size (Code + RO Data)                15084 (  14.73kB)
    Total RW  Size (RW Data + ZI Data)              3824 (   3.73kB)
    Total ROM Size (Code + RO Data + RW Data)      15288 (  14.93kB)

==============================================================================

